
[1m[46m RUN [49m[22m [36mv3.2.4 [39m[90mC:/Repos/Quiz-to-Build/apps/web[39m

 [32mÔ£ô[39m src/test/a11y/keyboard-navigation.a11y.test.tsx[2m > [22mKeyboard Navigation Accessibility[2m > [22mSkip Links[2m > [22mshould have a skip link as first focusable element[33m 4310[2mms[22m[39m
 [32mÔ£ô[39m src/test/a11y/keyboard-navigation.a11y.test.tsx[2m > [22mKeyboard Navigation Accessibility[2m > [22mSkip Links[2m > [22mskip link should point to main content[32m 83[2mms[22m[39m
 [32mÔ£ô[39m src/test/a11y/keyboard-navigation.a11y.test.tsx[2m > [22mKeyboard Navigation Accessibility[2m > [22mSkip Links[2m > [22mmain content should have correct id for skip link target[32m 52[2mms[22m[39m
 [32mÔ£ô[39m src/test/a11y/keyboard-navigation.a11y.test.tsx[2m > [22mKeyboard Navigation Accessibility[2m > [22mSkip Links[2m > [22mmain content should be focusable when skip link is activated[32m 157[2mms[22m[39m
 [32mÔ£ô[39m src/test/a11y/keyboard-navigation.a11y.test.tsx[2m > [22mKeyboard Navigation Accessibility[2m > [22mTab Order[2m > [22mshould follow logical tab order in forms[33m 2424[2mms[22m[39m
 [32mÔ£ô[39m src/test/a11y/keyboard-navigation.a11y.test.tsx[2m > [22mKeyboard Navigation Accessibility[2m > [22mTab Order[2m > [22mshould support reverse tab order with Shift+Tab[33m 797[2mms[22m[39m
 [32mÔ£ô[39m src/test/a11y/keyboard-navigation.a11y.test.tsx[2m > [22mKeyboard Navigation Accessibility[2m > [22mTab Order[2m > [22mshould have no accessibility violations in form tab order[33m 1623[2mms[22m[39m
 [32mÔ£ô[39m src/test/a11y/keyboard-navigation.a11y.test.tsx[2m > [22mKeyboard Navigation Accessibility[2m > [22mNo Keyboard Traps[2m > [22mshould allow tabbing through and out of interactive regions[33m 1523[2mms[22m[39m
 [32mÔ£ô[39m src/test/a11y/keyboard-navigation.a11y.test.tsx[2m > [22mKeyboard Navigation Accessibility[2m > [22mNo Keyboard Traps[2m > [22mshould allow backward navigation through regions[33m 1129[2mms[22m[39m
 [32mÔ£ô[39m src/test/a11y/keyboard-navigation.a11y.test.tsx[2m > [22mKeyboard Navigation Accessibility[2m > [22mFocus Visible[2m > [22mall interactive elements should be focusable[32m 97[2mms[22m[39m
 [32mÔ£ô[39m src/test/a11y/keyboard-navigation.a11y.test.tsx[2m > [22mKeyboard Navigation Accessibility[2m > [22mFocus Visible[2m > [22mbuttons should be keyboard activatable with Enter[32m 150[2mms[22m[39m
 [32mÔ£ô[39m src/test/a11y/keyboard-navigation.a11y.test.tsx[2m > [22mKeyboard Navigation Accessibility[2m > [22mFocus Visible[2m > [22mbuttons should be keyboard activatable with Space[32m 166[2mms[22m[39m
 [32mÔ£ô[39m src/test/a11y/keyboard-navigation.a11y.test.tsx[2m > [22mKeyboard Navigation Accessibility[2m > [22mModal Focus Management[2m > [22mshould move focus to modal when opened[32m 219[2mms[22m[39m
 [32mÔ£ô[39m src/test/a11y/keyboard-navigation.a11y.test.tsx[2m > [22mKeyboard Navigation Accessibility[2m > [22mModal Focus Management[2m > [22mmodal should close on Escape key[32m 16[2mms[22m[39m
 [32mÔ£ô[39m src/test/a11y/keyboard-navigation.a11y.test.tsx[2m > [22mKeyboard Navigation Accessibility[2m > [22mModal Focus Management[2m > [22mmodal should have aria-modal attribute[32m 267[2mms[22m[39m
 [32mÔ£ô[39m src/test/a11y/keyboard-navigation.a11y.test.tsx[2m > [22mKeyboard Navigation Accessibility[2m > [22mModal Focus Management[2m > [22mmodal should have accessible label[33m 351[2mms[22m[39m
 [32mÔ£ô[39m src/test/a11y/keyboard-navigation.a11y.test.tsx[2m > [22mKeyboard Navigation Accessibility[2m > [22mDropdown Keyboard Navigation[2m > [22mshould open dropdown with Enter key[32m 132[2mms[22m[39m
 [32mÔ£ô[39m src/test/a11y/keyboard-navigation.a11y.test.tsx[2m > [22mKeyboard Navigation Accessibility[2m > [22mDropdown Keyboard Navigation[2m > [22mshould close dropdown with Escape key[32m 128[2mms[22m[39m
 [32mÔ£ô[39m src/test/a11y/keyboard-navigation.a11y.test.tsx[2m > [22mKeyboard Navigation Accessibility[2m > [22mDropdown Keyboard Navigation[2m > [22mtrigger should have aria-expanded attribute[32m 18[2mms[22m[39m
 [32mÔ£ô[39m src/test/a11y/keyboard-navigation.a11y.test.tsx[2m > [22mKeyboard Navigation Accessibility[2m > [22mDropdown Keyboard Navigation[2m > [22mtrigger should have aria-haspopup attribute[32m 17[2mms[22m[39m
 [32mÔ£ô[39m src/test/a11y/keyboard-navigation.a11y.test.tsx[2m > [22mKeyboard Navigation Accessibility[2m > [22mError Focus Management[2m > [22mshould move focus to error message when form has errors[33m 416[2mms[22m[39m
 [32mÔ£ô[39m src/test/a11y/keyboard-navigation.a11y.test.tsx[2m > [22mKeyboard Navigation Accessibility[2m > [22mError Focus Management[2m > [22merror message should have role alert[33m 548[2mms[22m[39m
node.exe : [90mstderr[2m | src/test/a11y/keyboard-navigation.a11y.test.tsx[2m > [22m[2mKeyboard Navigation 
Accessibility[2m > [22m[2mAJAX Update Focus Management[2m > [22m[2mshould move focus to loaded content 
after AJAX update
At line:1 char:1
+ & "C:\Program Files\nodejs/node.exe" "C:\Program Files\nodejs/node_mo ...
+ ~~~~~~~~~~~~~~~~~~~~~~~~~~~~~~~~~~~~~~~~~~~~~~~~~~~~~~~~~~~~~~~~~~~~~
    + CategoryInfo          : NotSpecified: ([90mstderr[2m...ter AJAX update:String) [], RemoteException
    + FullyQualifiedErrorId : NativeCommandError
 
[22m[39mAn update to MockAjaxUpdate inside a test was not wrapped in act(...).

When testing, code that causes React state updates should be wrapped into act(...):

act(() => {
  /* fire events that update state */
});
/* assert on the output */

This ensures that you're testing the behavior the user would see in the browser. Learn more at 
https://react.dev/link/wrap-tests-with-act
An update to MockAjaxUpdate inside a test was not wrapped in act(...).

When testing, code that causes React state updates should be wrapped into act(...):

act(() => {
  /* fire events that update state */
});
/* assert on the output */

This ensures that you're testing the behavior the user would see in the browser. Learn more at 
https://react.dev/link/wrap-tests-with-act

 [32mÔ£ô[39m src/test/a11y/keyboard-navigation.a11y.test.tsx[2m > [22mKeyboard Navigation Accessibility[2m > [22mAJAX Update Focus Management[2m > [22mshould move focus to loaded content after AJAX update[33m 939[2mms[22m[39m
 [32mÔ£ô[39m src/test/a11y/keyboard-navigation.a11y.test.tsx[2m > [22mKeyboard Navigation Accessibility[2m > [22mAJAX Update Focus Management[2m > [22mshould announce loading state[33m 416[2mms[22m[39m
 [32mÔ£ô[39m src/test/a11y/keyboard-navigation.a11y.test.tsx[2m > [22mKeyboard Navigation Accessibility[2m > [22mAJAX Update Focus Management[2m > [22mresult region should have accessible label[33m 1107[2mms[22m[39m
 [32mÔ£ô[39m src/test/a11y/keyboard-navigation.a11y.test.tsx[2m > [22mKeyboard Navigation Accessibility[2m > [22mFocus Indicator Requirements[2m > [22mall focusable elements should receive focus[32m 20[2mms[22m[39m
 [32mÔ£ô[39m src/test/a11y/keyboard-navigation.a11y.test.tsx[2m > [22mKeyboard Navigation Accessibility[2m > [22mFocus Indicator Requirements[2m > [22mdisabled elements should not receive focus[32m 150[2mms[22m[39m
 [32mÔ£ô[39m src/test/a11y/keyboard-navigation.a11y.test.tsx[2m > [22mKeyboard Navigation Accessibility[2m > [22mFocus Indicator Requirements[2m > [22melements with tabindex=-1 should be programmatically focusable but not in tab order[32m 155[2mms[22m[39m
 [32mÔ£ô[39m src/test/a11y/color-contrast-forms.a11y.test.tsx[2m > [22mColor Contrast Accessibility[2m > [22mWCAG AA Compliance - Normal Text (4.5:1)[2m > [22mprimary text on white background should meet 4.5:1[32m 2[2mms[22m[39m
 [32mÔ£ô[39m src/test/a11y/color-contrast-forms.a11y.test.tsx[2m > [22mColor Contrast Accessibility[2m > [22mWCAG AA Compliance - Normal Text (4.5:1)[2m > [22msecondary text on white background should meet 4.5:1[32m 1[2mms[22m[39m
 [32mÔ£ô[39m src/test/a11y/color-contrast-forms.a11y.test.tsx[2m > [22mColor Contrast Accessibility[2m > [22mWCAG AA Compliance - Normal Text (4.5:1)[2m > [22merror text on white background should meet 4.5:1[32m 1[2mms[22m[39m
 [32mÔ£ô[39m src/test/a11y/color-contrast-forms.a11y.test.tsx[2m > [22mColor Contrast Accessibility[2m > [22mWCAG AA Compliance - Normal Text (4.5:1)[2m > [22msuccess text on white background should meet 4.5:1[32m 0[2mms[22m[39m
 [32mÔ£ô[39m src/test/a11y/color-contrast-forms.a11y.test.tsx[2m > [22mColor Contrast Accessibility[2m > [22mWCAG AA Compliance - Normal Text (4.5:1)[2m > [22mwarning text on white background should meet 4.5:1[32m 1[2mms[22m[39m
 [32mÔ£ô[39m src/test/a11y/color-contrast-forms.a11y.test.tsx[2m > [22mColor Contrast Accessibility[2m > [22mWCAG AA Compliance - Normal Text (4.5:1)[2m > [22mwhite text on dark background should meet 4.5:1[32m 0[2mms[22m[39m
 [32mÔ£ô[39m src/test/a11y/color-contrast-forms.a11y.test.tsx[2m > [22mColor Contrast Accessibility[2m > [22mWCAG AA Compliance - Normal Text (4.5:1)[2m > [22mlink text on white background should meet 4.5:1[32m 2[2mms[22m[39m
 [32mÔ£ô[39m src/test/a11y/color-contrast-forms.a11y.test.tsx[2m > [22mColor Contrast Accessibility[2m > [22mWCAG AA Compliance - Large Text (3:1)[2m > [22mmuted text (large) on white background should meet 3:1[32m 1[2mms[22m[39m
 [32mÔ£ô[39m src/test/a11y/color-contrast-forms.a11y.test.tsx[2m > [22mColor Contrast Accessibility[2m > [22mWCAG AA Compliance - Large Text (3:1)[2m > [22mdisabled text on white background should meet 3:1 for large text[32m 0[2mms[22m[39m
 [32mÔ£ô[39m src/test/a11y/color-contrast-forms.a11y.test.tsx[2m > [22mColor Contrast Accessibility[2m > [22mWCAG AA Compliance - UI Components (3:1)[2m > [22mborder color should meet 3:1 against background[32m 0[2mms[22m[39m
 [32mÔ£ô[39m src/test/a11y/color-contrast-forms.a11y.test.tsx[2m > [22mColor Contrast Accessibility[2m > [22mWCAG AA Compliance - UI Components (3:1)[2m > [22mfocus ring should meet 3:1 against background[32m 0[2mms[22m[39m
 [32mÔ£ô[39m src/test/a11y/color-contrast-forms.a11y.test.tsx[2m > [22mColor Contrast Accessibility[2m > [22mWCAG AA Compliance - UI Components (3:1)[2m > [22mprimary button text on button background should meet 4.5:1[32m 0[2mms[22m[39m
 [32mÔ£ô[39m src/test/a11y/color-contrast-forms.a11y.test.tsx[2m > [22mColor Contrast Accessibility[2m > [22mStatus Colors on Status Backgrounds[2m > [22merror text on error background should meet 4.5:1[32m 0[2mms[22m[39m
 [32mÔ£ô[39m src/test/a11y/color-contrast-forms.a11y.test.tsx[2m > [22mColor Contrast Accessibility[2m > [22mStatus Colors on Status Backgrounds[2m > [22msuccess text on success background should meet 4.5:1[32m 0[2mms[22m[39m
 [32mÔ£ô[39m src/test/a11y/color-contrast-forms.a11y.test.tsx[2m > [22mColor Contrast Accessibility[2m > [22mStatus Colors on Status Backgrounds[2m > [22mwarning text on warning background should meet 4.5:1[32m 0[2mms[22m[39m
 [32mÔ£ô[39m src/test/a11y/color-contrast-forms.a11y.test.tsx[2m > [22mForm Accessibility[2m > [22mForm Labels[2m > [22mshould have no accessibility violations[33m 4807[2mms[22m[39m
 [32mÔ£ô[39m src/test/a11y/color-contrast-forms.a11y.test.tsx[2m > [22mForm Accessibility[2m > [22mForm Labels[2m > [22mall form inputs should have associated labels[33m 320[2mms[22m[39m
 [32mÔ£ô[39m src/test/a11y/color-contrast-forms.a11y.test.tsx[2m > [22mForm Accessibility[2m > [22mForm Labels[2m > [22mlabels should use htmlFor to associate with inputs[32m 248[2mms[22m[39m
 [32mÔ£ô[39m src/test/a11y/color-contrast-forms.a11y.test.tsx[2m > [22mForm Accessibility[2m > [22mRequired Fields[2m > [22mrequired inputs should have aria-required attribute[32m 247[2mms[22m[39m
 [32mÔ£ô[39m src/test/a11y/color-contrast-forms.a11y.test.tsx[2m > [22mForm Accessibility[2m > [22mRequired Fields[2m > [22mrequired indicator should be visible and accessible[32m 112[2mms[22m[39m
 [32mÔ£ô[39m src/test/a11y/color-contrast-forms.a11y.test.tsx[2m > [22mForm Accessibility[2m > [22mRequired Fields[2m > [22moptional fields should be clearly marked[32m 74[2mms[22m[39m
 [32mÔ£ô[39m src/test/a11y/color-contrast-forms.a11y.test.tsx[2m > [22mForm Accessibility[2m > [22mError Messages[2m > [22mshould have no accessibility violations with errors[33m 3686[2mms[22m[39m
 [32mÔ£ô[39m src/test/a11y/color-contrast-forms.a11y.test.tsx[2m > [22mForm Accessibility[2m > [22mError Messages[2m > [22minvalid inputs should have aria-invalid[32m 61[2mms[22m[39m
 [32mÔ£ô[39m src/test/a11y/color-contrast-forms.a11y.test.tsx[2m > [22mForm Accessibility[2m > [22mError Messages[2m > [22merrors should be linked via aria-describedby[32m 50[2mms[22m[39m
 [32mÔ£ô[39m src/test/a11y/color-contrast-forms.a11y.test.tsx[2m > [22mForm Accessibility[2m > [22mError Messages[2m > [22merror messages should have role alert[32m 165[2mms[22m[39m
 [32mÔ£ô[39m src/test/a11y/color-contrast-forms.a11y.test.tsx[2m > [22mForm Accessibility[2m > [22mError Messages[2m > [22merror summary should be present and focusable[32m 25[2mms[22m[39m
 [32mÔ£ô[39m src/test/a11y/color-contrast-forms.a11y.test.tsx[2m > [22mForm Accessibility[2m > [22mError Messages[2m > [22merror summary should link to specific fields[32m 26[2mms[22m[39m
 [32mÔ£ô[39m src/test/a11y/color-contrast-forms.a11y.test.tsx[2m > [22mForm Accessibility[2m > [22mHints and Descriptions[2m > [22mhint text should be linked via aria-describedby[32m 27[2mms[22m[39m
 [32mÔ£ô[39m src/test/a11y/color-contrast-forms.a11y.test.tsx[2m > [22mForm Accessibility[2m > [22mHints and Descriptions[2m > [22mhints should provide useful context[32m 48[2mms[22m[39m
 [32mÔ£ô[39m src/test/a11y/color-contrast-forms.a11y.test.tsx[2m > [22mForm Accessibility[2m > [22mHints and Descriptions[2m > [22mcharacter counter should use aria-live[32m 47[2mms[22m[39m
 [32mÔ£ô[39m src/test/a11y/color-contrast-forms.a11y.test.tsx[2m > [22mForm Accessibility[2m > [22mFieldsets and Legends[2m > [22mcheckbox groups should be wrapped in fieldset with legend[32m 40[2mms[22m[39m
 [32mÔ£ô[39m src/test/a11y/color-contrast-forms.a11y.test.tsx[2m > [22mForm Accessibility[2m > [22mFieldsets and Legends[2m > [22mradio groups should be wrapped in fieldset with legend[32m 58[2mms[22m[39m
 [32mÔ£ô[39m src/test/a11y/color-contrast-forms.a11y.test.tsx[2m > [22mForm Accessibility[2m > [22mInline Validation[2m > [22mshould update aria-invalid on blur[33m 716[2mms[22m[39m
 [32mÔ£ô[39m src/test/a11y/color-contrast-forms.a11y.test.tsx[2m > [22mForm Accessibility[2m > [22mInline Validation[2m > [22mshould show error message on validation failure[33m 940[2mms[22m[39m
 [32mÔ£ô[39m src/test/a11y/color-contrast-forms.a11y.test.tsx[2m > [22mForm Accessibility[2m > [22mInline Validation[2m > [22mshould show success message on valid input[33m 1210[2mms[22m[39m
 [32mÔ£ô[39m src/test/a11y/color-contrast-forms.a11y.test.tsx[2m > [22mForm Accessibility[2m > [22mDisabled Form Elements[2m > [22mshould have no accessibility violations[33m 480[2mms[22m[39m
 [32mÔ£ô[39m src/test/a11y/color-contrast-forms.a11y.test.tsx[2m > [22mForm Accessibility[2m > [22mDisabled Form Elements[2m > [22mdisabled inputs should have aria-disabled[32m 8[2mms[22m[39m
 [32mÔ£ô[39m src/test/a11y/color-contrast-forms.a11y.test.tsx[2m > [22mForm Accessibility[2m > [22mDisabled Form Elements[2m > [22mreadonly inputs should have aria-readonly[32m 7[2mms[22m[39m
 [32mÔ£ô[39m src/test/a11y/color-contrast-forms.a11y.test.tsx[2m > [22mForm Accessibility[2m > [22mDisabled Form Elements[2m > [22mdisabled buttons should have aria-disabled[32m 23[2mms[22m[39m
 [32mÔ£ô[39m src/test/a11y/color-contrast-forms.a11y.test.tsx[2m > [22mForm Accessibility[2m > [22mAutocomplete Attributes[2m > [22memail input should have autocomplete="email"[32m 165[2mms[22m[39m
 [32mÔ£ô[39m src/test/a11y/color-contrast-forms.a11y.test.tsx[2m > [22mForm Accessibility[2m > [22mAutocomplete Attributes[2m > [22mphone input should have autocomplete="tel"[32m 129[2mms[22m[39m
 [32mÔ£ô[39m src/test/a11y/color-contrast-forms.a11y.test.tsx[2m > [22mForm Accessibility[2m > [22mForm Submission[2m > [22msubmit button should have type="submit"[32m 83[2mms[22m[39m
 [32mÔ£ô[39m src/test/a11y/color-contrast-forms.a11y.test.tsx[2m > [22mForm Accessibility[2m > [22mForm Submission[2m > [22mreset button should have type="reset"[32m 51[2mms[22m[39m
 [32mÔ£ô[39m src/pages/auth/RegisterPage.test.tsx[2m > [22mRegisterPage[2m > [22mrenders registration form[33m 689[2mms[22m[39m
 [32mÔ£ô[39m src/pages/auth/RegisterPage.test.tsx[2m > [22mRegisterPage[2m > [22mshows password requirements when typing password[33m 991[2mms[22m[39m
 [32mÔ£ô[39m src/pages/auth/RegisterPage.test.tsx[2m > [22mRegisterPage[2m > [22mhas link to login page[32m 237[2mms[22m[39m
 [32mÔ£ô[39m src/pages/auth/RegisterPage.test.tsx[2m > [22mRegisterPage[2m > [22mrenders create account button[33m 682[2mms[22m[39m
 [32mÔ£ô[39m src/pages/auth/RegisterPage.test.tsx[2m > [22mRegisterPage[2m > [22mshows OAuth buttons[32m 71[2mms[22m[39m
 [32mÔ£ô[39m src/pages/auth/RegisterPage.test.tsx[2m > [22mRegisterPage[2m > [22mshows password visibility toggle[33m 319[2mms[22m[39m
 [32mÔ£ô[39m src/pages/auth/RegisterPage.test.tsx[2m > [22mRegisterPage[2m > [22mvalidates password mismatch on form submission[33m 9807[2mms[22m[39m
 [32mÔ£ô[39m src/pages/legal/TermsPage.test.tsx[2m > [22mTermsPage[2m > [22mPage Structure and Content[2m > [22mrenders terms of service page with correct structure[33m 476[2mms[22m[39m
 [32mÔ£ô[39m src/pages/legal/TermsPage.test.tsx[2m > [22mTermsPage[2m > [22mPage Structure and Content[2m > [22mrenders all terms of service sections[33m 691[2mms[22m[39m
 [32mÔ£ô[39m src/pages/legal/TermsPage.test.tsx[2m > [22mTermsPage[2m > [22mPage Structure and Content[2m > [22mrenders all list items correctly[33m 405[2mms[22m[39m
 [32mÔ£ô[39m src/pages/legal/TermsPage.test.tsx[2m > [22mTermsPage[2m > [22mContact Information[2m > [22mdisplays complete contact information[32m 165[2mms[22m[39m
 [32mÔ£ô[39m src/pages/legal/TermsPage.test.tsx[2m > [22mTermsPage[2m > [22mNavigation Links[2m > [22mrenders navigation links in footer[32m 84[2mms[22m[39m
 [32mÔ£ô[39m src/pages/legal/TermsPage.test.tsx[2m > [22mTermsPage[2m > [22mNavigation Links[2m > [22mrenders link to Privacy Policy within content[32m 79[2mms[22m[39m
 [32mÔ£ô[39m src/pages/legal/TermsPage.test.tsx[2m > [22mTermsPage[2m > [22mFooter[2m > [22mrenders footer with copyright information[32m 123[2mms[22m[39m
 [32mÔ£ô[39m src/pages/legal/TermsPage.test.tsx[2m > [22mTermsPage[2m > [22mAccessibility Features[2m > [22mincludes accessibility attributes[32m 146[2mms[22m[39m
 [32mÔ£ô[39m src/pages/legal/TermsPage.test.tsx[2m > [22mTermsPage[2m > [22mAccessibility Features[2m > [22mrenders semantic HTML structure[33m 1723[2mms[22m[39m
 [32mÔ£ô[39m src/pages/legal/TermsPage.test.tsx[2m > [22mTermsPage[2m > [22mContent Formatting[2m > [22mrenders content with proper formatting[33m 1937[2mms[22m[39m
 [32mÔ£ô[39m src/pages/legal/TermsPage.test.tsx[2m > [22mTermsPage[2m > [22mWCAG Compliance[2m > [22mmeets basic WCAG requirements[33m 1156[2mms[22m[39m
 [32mÔ£ô[39m src/pages/legal/TermsPage.test.tsx[2m > [22mTermsPage[2m > [22mInternationalization[2m > [22muses current year in copyright[32m 97[2mms[22m[39m
 [32mÔ£ô[39m src/pages/legal/TermsPage.test.tsx[2m > [22mTermsPage[2m > [22mLegal Content Verification[2m > [22mincludes key legal clauses[32m 202[2mms[22m[39m
 [32mÔ£ô[39m src/test/a11y/screen-reader.a11y.test.tsx[2m > [22mScreen Reader Accessibility[2m > [22mLandmark Roles[2m > [22mshould have no accessibility violations[33m 948[2mms[22m[39m
 [32mÔ£ô[39m src/test/a11y/screen-reader.a11y.test.tsx[2m > [22mScreen Reader Accessibility[2m > [22mLandmark Roles[2m > [22mshould have banner landmark (header)[32m 212[2mms[22m[39m
 [32mÔ£ô[39m src/test/a11y/screen-reader.a11y.test.tsx[2m > [22mScreen Reader Accessibility[2m > [22mLandmark Roles[2m > [22mshould have main landmark[32m 212[2mms[22m[39m
 [32mÔ£ô[39m src/test/a11y/screen-reader.a11y.test.tsx[2m > [22mScreen Reader Accessibility[2m > [22mLandmark Roles[2m > [22mshould have navigation landmark with label[32m 213[2mms[22m[39m
 [32mÔ£ô[39m src/test/a11y/screen-reader.a11y.test.tsx[2m > [22mScreen Reader Accessibility[2m > [22mLandmark Roles[2m > [22mshould have complementary landmark (aside) with label[32m 137[2mms[22m[39m
 [32mÔ£ô[39m src/test/a11y/screen-reader.a11y.test.tsx[2m > [22mScreen Reader Accessibility[2m > [22mLandmark Roles[2m > [22mshould have contentinfo landmark (footer)[32m 142[2mms[22m[39m
 [32mÔ£ô[39m src/test/a11y/screen-reader.a11y.test.tsx[2m > [22mScreen Reader Accessibility[2m > [22mLandmark Roles[2m > [22mshould have article with accessible name[32m 231[2mms[22m[39m
 [32mÔ£ô[39m src/test/a11y/screen-reader.a11y.test.tsx[2m > [22mScreen Reader Accessibility[2m > [22mLandmark Roles[2m > [22mshould differentiate multiple navigation regions[32m 204[2mms[22m[39m
 [32mÔ£ô[39m src/test/a11y/screen-reader.a11y.test.tsx[2m > [22mScreen Reader Accessibility[2m > [22mForm Labels[2m > [22mshould have no accessibility violations[33m 1784[2mms[22m[39m
 [32mÔ£ô[39m src/test/a11y/screen-reader.a11y.test.tsx[2m > [22mScreen Reader Accessibility[2m > [22mForm Labels[2m > [22mall inputs should have associated labels[32m 89[2mms[22m[39m
 [32mÔ£ô[39m src/test/a11y/screen-reader.a11y.test.tsx[2m > [22mScreen Reader Accessibility[2m > [22mForm Labels[2m > [22mrequired fields should have aria-required[32m 49[2mms[22m[39m
 [32mÔ£ô[39m src/test/a11y/screen-reader.a11y.test.tsx[2m > [22mScreen Reader Accessibility[2m > [22mForm Labels[2m > [22mfields with hints should have aria-describedby[32m 52[2mms[22m[39m
 [32mÔ£ô[39m src/test/a11y/screen-reader.a11y.test.tsx[2m > [22mScreen Reader Accessibility[2m > [22mForm Labels[2m > [22minvalid fields should have aria-invalid[32m 58[2mms[22m[39m
 [32mÔ£ô[39m src/test/a11y/screen-reader.a11y.test.tsx[2m > [22mScreen Reader Accessibility[2m > [22mForm Labels[2m > [22merror messages should have role alert[33m 324[2mms[22m[39m
 [32mÔ£ô[39m src/test/a11y/screen-reader.a11y.test.tsx[2m > [22mScreen Reader Accessibility[2m > [22mForm Labels[2m > [22mfieldsets should have legends[33m 391[2mms[22m[39m
 [32mÔ£ô[39m src/test/a11y/screen-reader.a11y.test.tsx[2m > [22mScreen Reader Accessibility[2m > [22mForm Labels[2m > [22mcheckbox and radio inputs should be properly labeled[32m 46[2mms[22m[39m
 [32mÔ£ô[39m src/test/a11y/screen-reader.a11y.test.tsx[2m > [22mScreen Reader Accessibility[2m > [22mImage Alt Text[2m > [22mshould have no accessibility violations[33m 702[2mms[22m[39m
 [32mÔ£ô[39m src/test/a11y/screen-reader.a11y.test.tsx[2m > [22mScreen Reader Accessibility[2m > [22mImage Alt Text[2m > [22minformative images should have descriptive alt text[32m 11[2mms[22m[39m
 [32mÔ£ô[39m src/test/a11y/screen-reader.a11y.test.tsx[2m > [22mScreen Reader Accessibility[2m > [22mImage Alt Text[2m > [22mcomplex images should have detailed descriptions[32m 26[2mms[22m[39m
 [32mÔ£ô[39m src/test/a11y/screen-reader.a11y.test.tsx[2m > [22mScreen Reader Accessibility[2m > [22mImage Alt Text[2m > [22mdecorative images should have empty alt text[32m 9[2mms[22m[39m
 [32mÔ£ô[39m src/test/a11y/screen-reader.a11y.test.tsx[2m > [22mScreen Reader Accessibility[2m > [22mImage Alt Text[2m > [22micons should be hidden from screen readers with text alternative[32m 25[2mms[22m[39m
 [32mÔ£ô[39m src/test/a11y/screen-reader.a11y.test.tsx[2m > [22mScreen Reader Accessibility[2m > [22mImage Alt Text[2m > [22mbackground images with meaning should have role img and aria-label[32m 12[2mms[22m[39m
 [32mÔ£ô[39m src/test/a11y/screen-reader.a11y.test.tsx[2m > [22mScreen Reader Accessibility[2m > [22mLive Regions[2m > [22mshould have no accessibility violations[33m 460[2mms[22m[39m
 [32mÔ£ô[39m src/test/a11y/screen-reader.a11y.test.tsx[2m > [22mScreen Reader Accessibility[2m > [22mLive Regions[2m > [22mstatus region should have role status and aria-live polite[32m 8[2mms[22m[39m
 [32mÔ£ô[39m src/test/a11y/screen-reader.a11y.test.tsx[2m > [22mScreen Reader Accessibility[2m > [22mLive Regions[2m > [22malert region should have role alert and aria-live assertive[32m 9[2mms[22m[39m
 [32mÔ£ô[39m src/test/a11y/screen-reader.a11y.test.tsx[2m > [22mScreen Reader Accessibility[2m > [22mLive Regions[2m > [22mlog region should have role log and aria-relevant additions[32m 39[2mms[22m[39m
 [32mÔ£ô[39m src/test/a11y/screen-reader.a11y.test.tsx[2m > [22mScreen Reader Accessibility[2m > [22mLive Regions[2m > [22mtimer region should have role timer[32m 5[2mms[22m[39m
 [32mÔ£ô[39m src/test/a11y/screen-reader.a11y.test.tsx[2m > [22mScreen Reader Accessibility[2m > [22mLive Regions[2m > [22mprogress region should have proper ARIA attributes[32m 45[2mms[22m[39m
 [32mÔ£ô[39m src/test/a11y/screen-reader.a11y.test.tsx[2m > [22mScreen Reader Accessibility[2m > [22mLive Regions[2m > [22mstatus updates should be announced[32m 186[2mms[22m[39m
 [32mÔ£ô[39m src/test/a11y/screen-reader.a11y.test.tsx[2m > [22mScreen Reader Accessibility[2m > [22mExpanded/Collapsed States[2m > [22mshould have no accessibility violations[33m 594[2mms[22m[39m
 [32mÔ£ô[39m src/test/a11y/screen-reader.a11y.test.tsx[2m > [22mScreen Reader Accessibility[2m > [22mExpanded/Collapsed States[2m > [22maccordion should have aria-expanded attribute[32m 9[2mms[22m[39m
 [32mÔ£ô[39m src/test/a11y/screen-reader.a11y.test.tsx[2m > [22mScreen Reader Accessibility[2m > [22mExpanded/Collapsed States[2m > [22maccordion should have aria-controls pointing to content[32m 27[2mms[22m[39m
 [32mÔ£ô[39m src/test/a11y/screen-reader.a11y.test.tsx[2m > [22mScreen Reader Accessibility[2m > [22mExpanded/Collapsed States[2m > [22maccordion aria-expanded should update on click[33m 345[2mms[22m[39m
 [32mÔ£ô[39m src/test/a11y/screen-reader.a11y.test.tsx[2m > [22mScreen Reader Accessibility[2m > [22mExpanded/Collapsed States[2m > [22mdropdown should have aria-haspopup menu[32m 9[2mms[22m[39m
 [32mÔ£ô[39m src/test/a11y/screen-reader.a11y.test.tsx[2m > [22mScreen Reader Accessibility[2m > [22mExpanded/Collapsed States[2m > [22mdropdown menu should have role menu[33m 381[2mms[22m[39m
 [32mÔ£ô[39m src/test/a11y/screen-reader.a11y.test.tsx[2m > [22mScreen Reader Accessibility[2m > [22mExpanded/Collapsed States[2m > [22mmenu items should have role menuitem[33m 393[2mms[22m[39m
 [32mÔ£ô[39m src/test/a11y/screen-reader.a11y.test.tsx[2m > [22mScreen Reader Accessibility[2m > [22mExpanded/Collapsed States[2m > [22mtree items should have aria-expanded[32m 17[2mms[22m[39m
 [32mÔ£ô[39m src/test/a11y/screen-reader.a11y.test.tsx[2m > [22mScreen Reader Accessibility[2m > [22mExpanded/Collapsed States[2m > [22mdialog trigger should have aria-haspopup dialog[32m 23[2mms[22m[39m
 [32mÔ£ô[39m src/test/a11y/screen-reader.a11y.test.tsx[2m > [22mScreen Reader Accessibility[2m > [22mExpanded/Collapsed States[2m > [22mdialog should have aria-modal and accessible name[33m 346[2mms[22m[39m
 [32mÔ£ô[39m src/test/a11y/screen-reader.a11y.test.tsx[2m > [22mScreen Reader Accessibility[2m > [22mTables[2m > [22mshould have no accessibility violations[33m 1091[2mms[22m[39m
 [32mÔ£ô[39m src/test/a11y/screen-reader.a11y.test.tsx[2m > [22mScreen Reader Accessibility[2m > [22mTables[2m > [22mtable should have caption[32m 125[2mms[22m[39m
 [32mÔ£ô[39m src/test/a11y/screen-reader.a11y.test.tsx[2m > [22mScreen Reader Accessibility[2m > [22mTables[2m > [22mcolumn headers should have scope col[32m 280[2mms[22m[39m
 [32mÔ£ô[39m src/test/a11y/screen-reader.a11y.test.tsx[2m > [22mScreen Reader Accessibility[2m > [22mTables[2m > [22mrow headers should have scope row[33m 465[2mms[22m[39m
 [32mÔ£ô[39m src/test/a11y/ScoreDashboard.a11y.test.tsx[2m > [22mScoreDashboard Accessibility[2m > [22mWith score data[2m > [22mshould have no accessibility violations[33m 4423[2mms[22m[39m
 [32mÔ£ô[39m src/test/a11y/ScoreDashboard.a11y.test.tsx[2m > [22mScoreDashboard Accessibility[2m > [22mWith score data[2m > [22mshould have proper heading structure[33m 302[2mms[22m[39m
 [32mÔ£ô[39m src/test/a11y/ScoreDashboard.a11y.test.tsx[2m > [22mScoreDashboard Accessibility[2m > [22mWith score data[2m > [22mshould have accessible region landmarks[32m 287[2mms[22m[39m
 [32mÔ£ô[39m src/test/a11y/ScoreDashboard.a11y.test.tsx[2m > [22mScoreDashboard Accessibility[2m > [22mWith score data[2m > [22mshould have accessible score gauge with description[32m 159[2mms[22m[39m
 [32mÔ£ô[39m src/test/a11y/ScoreDashboard.a11y.test.tsx[2m > [22mScoreDashboard Accessibility[2m > [22mWith score data[2m > [22mshould use definition list for stats[32m 275[2mms[22m[39m
 [32mÔ£ô[39m src/test/a11y/ScoreDashboard.a11y.test.tsx[2m > [22mScoreDashboard Accessibility[2m > [22mWith score data[2m > [22mshould have accessible progress bars with ARIA attributes[32m 239[2mms[22m[39m
 [32mÔ£ô[39m src/test/a11y/ScoreDashboard.a11y.test.tsx[2m > [22mScoreDashboard Accessibility[2m > [22mWith score data[2m > [22mshould have accessible dimension list[33m 378[2mms[22m[39m
 [32mÔ£ô[39m src/test/a11y/ScoreDashboard.a11y.test.tsx[2m > [22mScoreDashboard Accessibility[2m > [22mWith score data[2m > [22mshould have accessible high risk areas section[33m 557[2mms[22m[39m
 [32mÔ£ô[39m src/test/a11y/ScoreDashboard.a11y.test.tsx[2m > [22mScoreDashboard Accessibility[2m > [22mWith score data[2m > [22mshould have accessible top performers section[33m 373[2mms[22m[39m
 [32mÔ£ô[39m src/test/a11y/ScoreDashboard.a11y.test.tsx[2m > [22mScoreDashboard Accessibility[2m > [22mWith score data[2m > [22mshould have proper time element for last updated[32m 141[2mms[22m[39m
 [32mÔ£ô[39m src/test/a11y/ScoreDashboard.a11y.test.tsx[2m > [22mScoreDashboard Accessibility[2m > [22mWith score data[2m > [22mshould hide decorative icons from assistive technology[32m 38[2mms[22m[39m
 [32mÔ£ô[39m src/test/a11y/ScoreDashboard.a11y.test.tsx[2m > [22mScoreDashboard Accessibility[2m > [22mLoading state[2m > [22mshould have no accessibility violations when loading[32m 167[2mms[22m[39m
 [32mÔ£ô[39m src/test/a11y/ScoreDashboard.a11y.test.tsx[2m > [22mScoreDashboard Accessibility[2m > [22mLoading state[2m > [22mshould indicate loading state with proper ARIA[32m 126[2mms[22m[39m
 [32mÔ£ô[39m src/test/a11y/ScoreDashboard.a11y.test.tsx[2m > [22mScoreDashboard Accessibility[2m > [22mLoading state[2m > [22mshould have screen reader text for loading state[32m 6[2mms[22m[39m
 [32mÔ£ô[39m src/test/a11y/ScoreDashboard.a11y.test.tsx[2m > [22mScoreDashboard Accessibility[2m > [22mEmpty state[2m > [22mshould have no accessibility violations when empty[32m 74[2mms[22m[39m
 [32mÔ£ô[39m src/test/a11y/ScoreDashboard.a11y.test.tsx[2m > [22mScoreDashboard Accessibility[2m > [22mEmpty state[2m > [22mshould have accessible calculate button when empty[32m 77[2mms[22m[39m
 [32mÔ£ô[39m src/test/a11y/ScoreDashboard.a11y.test.tsx[2m > [22mScoreDashboard Accessibility[2m > [22mRefresh functionality[2m > [22mshould have accessible refresh button[32m 208[2mms[22m[39m
 [32mÔ£ô[39m src/test/a11y/ScoreDashboard.a11y.test.tsx[2m > [22mScoreDashboard Accessibility[2m > [22mTrend indicator[2m > [22mshould announce trend status via aria-live[32m 65[2mms[22m[39m
 [32mÔ£ô[39m src/test/a11y/ScoreDashboard.a11y.test.tsx[2m > [22mScoreDashboard Accessibility[2m > [22mTrend indicator[2m > [22mshould show correct trend for different statuses[32m 53[2mms[22m[39m
 [32mÔ£ô[39m src/test/a11y/MainLayout.a11y.test.tsx[2m > [22mMainLayout Accessibility[2m > [22mLandmarks and structure[2m > [22mshould have no accessibility violations[33m 2361[2mms[22m[39m
 [32mÔ£ô[39m src/test/a11y/MainLayout.a11y.test.tsx[2m > [22mMainLayout Accessibility[2m > [22mLandmarks and structure[2m > [22mshould have proper landmark roles[33m 345[2mms[22m[39m
 [32mÔ£ô[39m src/test/a11y/MainLayout.a11y.test.tsx[2m > [22mMainLayout Accessibility[2m > [22mLandmarks and structure[2m > [22mshould have complementary sidebar region[32m 71[2mms[22m[39m
 [32mÔ£ô[39m src/test/a11y/MainLayout.a11y.test.tsx[2m > [22mMainLayout Accessibility[2m > [22mSkip link[2m > [22mshould have a skip to main content link[32m 20[2mms[22m[39m
 [32mÔ£ô[39m src/test/a11y/MainLayout.a11y.test.tsx[2m > [22mMainLayout Accessibility[2m > [22mSkip link[2m > [22mshould have main content target with correct id[32m 46[2mms[22m[39m
 [32mÔ£ô[39m src/test/a11y/MainLayout.a11y.test.tsx[2m > [22mMainLayout Accessibility[2m > [22mNavigation[2m > [22mshould have labeled navigation[32m 205[2mms[22m[39m
 [32mÔ£ô[39m src/test/a11y/MainLayout.a11y.test.tsx[2m > [22mMainLayout Accessibility[2m > [22mNavigation[2m > [22mshould have accessible navigation links[33m 331[2mms[22m[39m
 [32mÔ£ô[39m src/test/a11y/MainLayout.a11y.test.tsx[2m > [22mMainLayout Accessibility[2m > [22mNavigation[2m > [22mshould indicate current page with aria-current[33m 360[2mms[22m[39m
 [32mÔ£ô[39m src/test/a11y/MainLayout.a11y.test.tsx[2m > [22mMainLayout Accessibility[2m > [22mNavigation[2m > [22mshould hide decorative icons from assistive technology[32m 20[2mms[22m[39m
 [32mÔ£ô[39m src/test/a11y/MainLayout.a11y.test.tsx[2m > [22mMainLayout Accessibility[2m > [22mMobile sidebar toggle[2m > [22mshould have accessible open sidebar button[33m 426[2mms[22m[39m
 [32mÔ£ô[39m src/test/a11y/MainLayout.a11y.test.tsx[2m > [22mMainLayout Accessibility[2m > [22mMobile sidebar toggle[2m > [22mshould have accessible close sidebar button[33m 355[2mms[22m[39m
 [32mÔ£ô[39m src/test/a11y/MainLayout.a11y.test.tsx[2m > [22mMainLayout Accessibility[2m > [22mMobile sidebar toggle[2m > [22mshould toggle aria-expanded when sidebar state changes[33m 419[2mms[22m[39m
 [32mÔ£ô[39m src/test/a11y/MainLayout.a11y.test.tsx[2m > [22mMainLayout Accessibility[2m > [22mMobile sidebar toggle[2m > [22mshould hide backdrop from assistive technology[32m 26[2mms[22m[39m
 [32mÔ£ô[39m src/test/a11y/MainLayout.a11y.test.tsx[2m > [22mMainLayout Accessibility[2m > [22mUser profile section[2m > [22mshould have accessible user avatar[33m 343[2mms[22m[39m
 [32mÔ£ô[39m src/test/a11y/MainLayout.a11y.test.tsx[2m > [22mMainLayout Accessibility[2m > [22mUser profile section[2m > [22mshould display user name and email[32m 135[2mms[22m[39m
 [32mÔ£ô[39m src/test/a11y/MainLayout.a11y.test.tsx[2m > [22mMainLayout Accessibility[2m > [22mUser profile section[2m > [22mshould have accessible logout button[33m 625[2mms[22m[39m
 [32mÔ£ô[39m src/test/a11y/MainLayout.a11y.test.tsx[2m > [22mMainLayout Accessibility[2m > [22mLogo and branding[2m > [22mshould have accessible logo link[32m 272[2mms[22m[39m
 [32mÔ£ô[39m src/test/a11y/MainLayout.a11y.test.tsx[2m > [22mMainLayout Accessibility[2m > [22mKeyboard navigation[2m > [22mshould allow keyboard interaction with toggle buttons[32m 267[2mms[22m[39m
 [32mÔ£ô[39m src/test/a11y/MainLayout.a11y.test.tsx[2m > [22mMainLayout Accessibility[2m > [22mMain content[2m > [22mshould have main landmark with role[32m 158[2mms[22m[39m
 [32mÔ£ô[39m src/test/a11y/MainLayout.a11y.test.tsx[2m > [22mMainLayout Accessibility[2m > [22mMain content[2m > [22mshould have proper heading structure in main content[32m 113[2mms[22m[39m
 [32mÔ£ô[39m src/test/a11y/BillingPage.a11y.test.tsx[2m > [22mBillingPage Accessibility[2m > [22mFull page with data[2m > [22mshould have no accessibility violations[33m 2290[2mms[22m[39m
 [32mÔ£ô[39m src/test/a11y/BillingPage.a11y.test.tsx[2m > [22mBillingPage Accessibility[2m > [22mFull page with data[2m > [22mshould have proper heading structure[33m 376[2mms[22m[39m
 [32mÔ£ô[39m src/test/a11y/BillingPage.a11y.test.tsx[2m > [22mBillingPage Accessibility[2m > [22mFull page with data[2m > [22mshould have main landmark[32m 105[2mms[22m[39m
 [32mÔ£ô[39m src/test/a11y/BillingPage.a11y.test.tsx[2m > [22mBillingPage Accessibility[2m > [22mFull page with data[2m > [22mshould have labeled articles for subscription and usage[32m 131[2mms[22m[39m
 [32mÔ£ô[39m src/test/a11y/BillingPage.a11y.test.tsx[2m > [22mBillingPage Accessibility[2m > [22mSubscription card[2m > [22mshould have accessible subscription card[33m 375[2mms[22m[39m
 [32mÔ£ô[39m src/test/a11y/BillingPage.a11y.test.tsx[2m > [22mBillingPage Accessibility[2m > [22mSubscription card[2m > [22mshould have accessible tier badge[32m 28[2mms[22m[39m
 [32mÔ£ô[39m src/test/a11y/BillingPage.a11y.test.tsx[2m > [22mBillingPage Accessibility[2m > [22mSubscription card[2m > [22mshould use definition list for subscription details[32m 298[2mms[22m[39m
 [32mÔ£ô[39m src/test/a11y/BillingPage.a11y.test.tsx[2m > [22mBillingPage Accessibility[2m > [22mSubscription card[2m > [22mshould have proper time element for renewal date[33m 359[2mms[22m[39m
 [32mÔ£ô[39m src/test/a11y/BillingPage.a11y.test.tsx[2m > [22mBillingPage Accessibility[2m > [22mSubscription card[2m > [22mshould have accessible action buttons group[33m 355[2mms[22m[39m
 [32mÔ£ô[39m src/test/a11y/BillingPage.a11y.test.tsx[2m > [22mBillingPage Accessibility[2m > [22mSubscription card[2m > [22mshould have cancel warning accessible to screen readers[32m 46[2mms[22m[39m
 [32mÔ£ô[39m src/test/a11y/BillingPage.a11y.test.tsx[2m > [22mBillingPage Accessibility[2m > [22mCancellation warning[2m > [22mshould show cancellation warning with alert role[32m 141[2mms[22m[39m
 [32mÔ£ô[39m src/test/a11y/BillingPage.a11y.test.tsx[2m > [22mBillingPage Accessibility[2m > [22mCancellation warning[2m > [22mshould have accessible resume subscription button[32m 170[2mms[22m[39m
 [32mÔ£ô[39m src/test/a11y/BillingPage.a11y.test.tsx[2m > [22mBillingPage Accessibility[2m > [22mUsage card[2m > [22mshould have accessible usage card[32m 196[2mms[22m[39m
 [32mÔ£ô[39m src/test/a11y/BillingPage.a11y.test.tsx[2m > [22mBillingPage Accessibility[2m > [22mUsage card[2m > [22mshould have accessible progress bars[33m 834[2mms[22m[39m
 [32mÔ£ô[39m src/test/a11y/BillingPage.a11y.test.tsx[2m > [22mBillingPage Accessibility[2m > [22mUsage card[2m > [22mshould have usage list with accessible items[33m 660[2mms[22m[39m
 [32mÔ£ô[39m src/test/a11y/BillingPage.a11y.test.tsx[2m > [22mBillingPage Accessibility[2m > [22mNear limit warning[2m > [22mshould announce near limit state[32m 48[2mms[22m[39m
 [32mÔ£ô[39m src/test/a11y/BillingPage.a11y.test.tsx[2m > [22mBillingPage Accessibility[2m > [22mUnlimited usage[2m > [22mshould display unlimited correctly[32m 48[2mms[22m[39m
 [32mÔ£ô[39m src/test/a11y/BillingPage.a11y.test.tsx[2m > [22mBillingPage Accessibility[2m > [22mLoading state[2m > [22mshould have no accessibility violations when loading[32m 236[2mms[22m[39m
 [32mÔ£ô[39m src/test/a11y/BillingPage.a11y.test.tsx[2m > [22mBillingPage Accessibility[2m > [22mLoading state[2m > [22mshould indicate loading state properly[32m 51[2mms[22m[39m
 [32mÔ£ô[39m src/test/a11y/BillingPage.a11y.test.tsx[2m > [22mBillingPage Accessibility[2m > [22mLoading state[2m > [22mshould have screen reader text for loading[32m 6[2mms[22m[39m
 [32mÔ£ô[39m src/test/a11y/BillingPage.a11y.test.tsx[2m > [22mBillingPage Accessibility[2m > [22mError state[2m > [22mshould have no accessibility violations with error[32m 216[2mms[22m[39m
 [32mÔ£ô[39m src/test/a11y/BillingPage.a11y.test.tsx[2m > [22mBillingPage Accessibility[2m > [22mError state[2m > [22mshould display error with alert role[32m 66[2mms[22m[39m
 [32mÔ£ô[39m src/test/a11y/BillingPage.a11y.test.tsx[2m > [22mBillingPage Accessibility[2m > [22mError state[2m > [22mshould have error heading[32m 95[2mms[22m[39m
 [32mÔ£ô[39m src/test/a11y/BillingPage.a11y.test.tsx[2m > [22mBillingPage Accessibility[2m > [22mNavigation[2m > [22mshould have accessible invoice history link[32m 162[2mms[22m[39m
 [32mÔ£ô[39m src/pages/heatmap/HeatmapPage.test.tsx[2m > [22mHeatmapPage[2m > [22mLoading State[2m > [22mshows loading state initially[32m 15[2mms[22m[39m
 [32mÔ£ô[39m src/pages/heatmap/HeatmapPage.test.tsx[2m > [22mHeatmapPage[2m > [22mLoading State[2m > [22mshows error state when API fails[32m 107[2mms[22m[39m
 [32mÔ£ô[39m src/pages/heatmap/HeatmapPage.test.tsx[2m > [22mHeatmapPage[2m > [22mLoading State[2m > [22mshows error with specific message from API[32m 27[2mms[22m[39m
 [32mÔ£ô[39m src/pages/heatmap/HeatmapPage.test.tsx[2m > [22mHeatmapPage[2m > [22mHeatmap Display[2m > [22mrenders heatmap with summary cards[33m 603[2mms[22m[39m
 [32mÔ£ô[39m src/pages/heatmap/HeatmapPage.test.tsx[2m > [22mHeatmapPage[2m > [22mHeatmap Display[2m > [22mrenders heatmap grid with correct data[33m 308[2mms[22m[39m
 [32mÔ£ô[39m src/pages/heatmap/HeatmapPage.test.tsx[2m > [22mHeatmapPage[2m > [22mHeatmap Display[2m > [22mrenders cells with correct colors and styling[33m 888[2mms[22m[39m
 [32mÔ£ô[39m src/pages/heatmap/HeatmapPage.test.tsx[2m > [22mHeatmapPage[2m > [22mHeatmap Display[2m > [22mshows overall risk score[32m 217[2mms[22m[39m
 [32mÔ£ô[39m src/pages/heatmap/HeatmapPage.test.tsx[2m > [22mHeatmapPage[2m > [22mHeatmap Display[2m > [22mshows high risk score in red[32m 221[2mms[22m[39m
 [32mÔ£ô[39m src/pages/heatmap/HeatmapPage.test.tsx[2m > [22mHeatmapPage[2m > [22mCell Interaction[2m > [22mcalls drilldown API when cell is clicked[32m 297[2mms[22m[39m
 [32mÔ£ô[39m src/pages/heatmap/HeatmapPage.test.tsx[2m > [22mHeatmapPage[2m > [22mCell Interaction[2m > [22mshows drilldown panel with question details[33m 390[2mms[22m[39m
 [32mÔ£ô[39m src/pages/heatmap/HeatmapPage.test.tsx[2m > [22mHeatmapPage[2m > [22mCell Interaction[2m > [22mallows closing drilldown panel[33m 319[2mms[22m[39m
[90mstderr[2m | src/pages/heatmap/HeatmapPage.test.tsx[2m > [22m[2mHeatmapPage[2m > [22m[2mCell 
Interaction[2m > [22m[2mhandles drilldown API error gracefully
[22m[39mDrilldown failed: Error: Drilldown failed
    at [90mC:\Repos\Quiz-to-Build\apps\web\[39msrc\pages\heatmap\HeatmapPage.test.tsx:431:9
    at file:///C:/Repos/Quiz-to-Build/node_modules/[4m@vitest/runner[24m/dist/chunk-hooks.js:155:11
    at file:///C:/Repos/Quiz-to-Build/node_modules/[4m@vitest/runner[24m/dist/chunk-hooks.js:752:26
    at file:///C:/Repos/Quiz-to-Build/node_modules/[4m@vitest/runner[24m/dist/chunk-hooks.js:1897:20
    at new Promise (<anonymous>)
    at runWithTimeout 
(file:///C:/Repos/Quiz-to-Build/node_modules/[4m@vitest/runner[24m/dist/chunk-hooks.js:1863:10)
    at runTest (file:///C:/Repos/Quiz-to-Build/node_modules/[4m@vitest/runner[24m/dist/chunk-hooks.js:1574:12)
    at runSuite (file:///C:/Repos/Quiz-to-Build/node_modules/[4m@vitest/runner[24m/dist/chunk-hooks.js:1729:8)
    at runSuite (file:///C:/Repos/Quiz-to-Build/node_modules/[4m@vitest/runner[24m/dist/chunk-hooks.js:1729:8)
    at runSuite (file:///C:/Repos/Quiz-to-Build/node_modules/[4m@vitest/runner[24m/dist/chunk-hooks.js:1729:8)

 [32mÔ£ô[39m src/pages/heatmap/HeatmapPage.test.tsx[2m > [22mHeatmapPage[2m > [22mCell Interaction[2m > [22mhandles drilldown API error gracefully[32m 219[2mms[22m[39m
 [32mÔ£ô[39m src/pages/heatmap/HeatmapPage.test.tsx[2m > [22mHeatmapPage[2m > [22mNavigation[2m > [22mnavigates back to dashboard when back link is clicked[32m 180[2mms[22m[39m
 [32mÔ£ô[39m src/pages/heatmap/HeatmapPage.test.tsx[2m > [22mHeatmapPage[2m > [22mAccessibility[2m > [22mprovides accessible labels for cells[32m 154[2mms[22m[39m
 [32mÔ£ô[39m src/pages/heatmap/HeatmapPage.test.tsx[2m > [22mHeatmapPage[2m > [22mEdge Cases[2m > [22mhandles missing session ID gracefully[32m 7[2mms[22m[39m
 [32mÔ£ô[39m src/pages/heatmap/HeatmapPage.test.tsx[2m > [22mHeatmapPage[2m > [22mEdge Cases[2m > [22mhandles empty heatmap data[32m 60[2mms[22m[39m
 [32mÔ£ô[39m src/pages/decisions/DecisionsPage.test.tsx[2m > [22mDecisionsPage[2m > [22mrenders decision log heading[32m 68[2mms[22m[39m
 [32mÔ£ô[39m src/pages/decisions/DecisionsPage.test.tsx[2m > [22mDecisionsPage[2m > [22mloads decisions on mount[32m 33[2mms[22m[39m
 [32mÔ£ô[39m src/pages/decisions/DecisionsPage.test.tsx[2m > [22mDecisionsPage[2m > [22mdisplays decision cards[32m 28[2mms[22m[39m
 [32mÔ£ô[39m src/pages/decisions/DecisionsPage.test.tsx[2m > [22mDecisionsPage[2m > [22mdisplays decision status[32m 29[2mms[22m[39m
 [32mÔ£ô[39m src/pages/decisions/DecisionsPage.test.tsx[2m > [22mDecisionsPage[2m > [22mdisplays assumptions when present[32m 31[2mms[22m[39m
 [32mÔ£ô[39m src/pages/decisions/DecisionsPage.test.tsx[2m > [22mDecisionsPage[2m > [22mtoggles new decision form on button click[33m 1204[2mms[22m[39m
 [32mÔ£ô[39m src/pages/decisions/DecisionsPage.test.tsx[2m > [22mDecisionsPage[2m > [22mcreates decision on form submit[33m 2461[2mms[22m[39m
 [32mÔ£ô[39m src/pages/decisions/DecisionsPage.test.tsx[2m > [22mDecisionsPage[2m > [22mrenders back to dashboard link[32m 50[2mms[22m[39m
 [32mÔ£ô[39m src/pages/decisions/DecisionsPage.test.tsx[2m > [22mDecisionsPage - Empty State[2m > [22mdisplays empty message when no decisions[32m 14[2mms[22m[39m
 [32mÔ£ô[39m src/pages/decisions/DecisionsPage.test.tsx[2m > [22mDecisionsPage - Loading State[2m > [22mshows loading message when loading[32m 1[2mms[22m[39m
 [32mÔ£ô[39m src/components/layout/MainLayout.test.tsx[2m > [22mMainLayout[2m > [22mrenders navigation menu[33m 1191[2mms[22m[39m
 [32mÔ£ô[39m src/components/layout/MainLayout.test.tsx[2m > [22mMainLayout[2m > [22mdisplays user email[33m 412[2mms[22m[39m
 [32mÔ£ô[39m src/components/layout/MainLayout.test.tsx[2m > [22mMainLayout[2m > [22mdisplays user name[32m 219[2mms[22m[39m
 [32mÔ£ô[39m src/components/layout/MainLayout.test.tsx[2m > [22mMainLayout[2m > [22mrenders logo link[33m 780[2mms[22m[39m
 [32mÔ£ô[39m src/components/layout/MainLayout.test.tsx[2m > [22mMainLayout[2m > [22mrenders outlet content[32m 164[2mms[22m[39m
 [32mÔ£ô[39m src/components/layout/MainLayout.test.tsx[2m > [22mMainLayout[2m > [22mdisplays sign out button[33m 562[2mms[22m[39m
 [32mÔ£ô[39m src/components/layout/MainLayout.test.tsx[2m > [22mMainLayout[2m > [22mtoggles sidebar on mobile menu button click[33m 377[2mms[22m[39m
 [32mÔ£ô[39m src/components/layout/MainLayout.test.tsx[2m > [22mMainLayout[2m > [22mnavigates to dashboard from logo[33m 621[2mms[22m[39m
 [32mÔ£ô[39m src/components/layout/MainLayout.test.tsx[2m > [22mMainLayout[2m > [22mrenders navigation links with correct hrefs[33m 1726[2mms[22m[39m
 [32mÔ£ô[39m src/components/layout/MainLayout.test.tsx[2m > [22mMainLayout[2m > [22mhas accessible navigation landmark[33m 641[2mms[22m[39m
 [32mÔ£ô[39m src/components/layout/MainLayout.test.tsx[2m > [22mMainLayout[2m > [22mhas accessible main content landmark[32m 99[2mms[22m[39m
 [32mÔ£ô[39m src/components/layout/MainLayout.test.tsx[2m > [22mMainLayout[2m > [22mhas accessible banner landmark[32m 133[2mms[22m[39m
 [32mÔ£ô[39m src/components/questionnaire/QuestionRenderer.extended.test.tsx[2m > [22mQuestionRenderer - All Question Types[2m > [22mrenders TEXT input correctly[32m 105[2mms[22m[39m
 [32mÔ£ô[39m src/components/questionnaire/QuestionRenderer.extended.test.tsx[2m > [22mQuestionRenderer - All Question Types[2m > [22mrenders TEXTAREA correctly[32m 126[2mms[22m[39m
 [32mÔ£ô[39m src/components/questionnaire/QuestionRenderer.extended.test.tsx[2m > [22mQuestionRenderer - All Question Types[2m > [22mrenders NUMBER input correctly[33m 923[2mms[22m[39m
 [32mÔ£ô[39m src/components/questionnaire/QuestionRenderer.extended.test.tsx[2m > [22mQuestionRenderer - All Question Types[2m > [22mrenders SINGLE_CHOICE correctly[33m 2239[2mms[22m[39m
 [32mÔ£ô[39m src/components/questionnaire/QuestionRenderer.extended.test.tsx[2m > [22mQuestionRenderer - All Question Types[2m > [22mrenders MULTIPLE_CHOICE correctly[33m 624[2mms[22m[39m
 [32mÔ£ô[39m src/components/questionnaire/QuestionRenderer.extended.test.tsx[2m > [22mQuestionRenderer - All Question Types[2m > [22mrenders SCALE correctly[33m 531[2mms[22m[39m
 [32mÔ£ô[39m src/components/questionnaire/QuestionRenderer.extended.test.tsx[2m > [22mQuestionRenderer - All Question Types[2m > [22mrenders DATE correctly[32m 25[2mms[22m[39m
 [32mÔ£ô[39m src/components/questionnaire/QuestionRenderer.extended.test.tsx[2m > [22mQuestionRenderer - All Question Types[2m > [22mrenders FILE_UPLOAD correctly[32m 23[2mms[22m[39m
 [32mÔ£ô[39m src/components/questionnaire/QuestionRenderer.extended.test.tsx[2m > [22mQuestionRenderer - All Question Types[2m > [22mrenders URL correctly[33m 590[2mms[22m[39m
 [32mÔ£ô[39m src/components/questionnaire/QuestionRenderer.extended.test.tsx[2m > [22mQuestionRenderer - All Question Types[2m > [22mrenders EMAIL correctly[32m 188[2mms[22m[39m
 [32mÔ£ô[39m src/components/questionnaire/QuestionRenderer.extended.test.tsx[2m > [22mQuestionRenderer - All Question Types[2m > [22mdisplays best practice when showBestPractice is true[32m 32[2mms[22m[39m
 [32mÔ£ô[39m src/components/questionnaire/QuestionRenderer.extended.test.tsx[2m > [22mQuestionRenderer - All Question Types[2m > [22mdisplays practical explainer when showExplainer is true[32m 21[2mms[22m[39m
 [32mÔ£ô[39m src/components/questionnaire/QuestionRenderer.extended.test.tsx[2m > [22mQuestionRenderer - All Question Types[2m > [22mdisplays standard references as tags[32m 22[2mms[22m[39m
 [32mÔ£ô[39m src/components/questionnaire/QuestionRenderer.extended.test.tsx[2m > [22mQuestionRenderer - All Question Types[2m > [22mshows required indicator when isRequired is true[32m 12[2mms[22m[39m
 [32mÔ£ô[39m src/pages/legal/PrivacyPage.test.tsx[2m > [22mPrivacyPage[2m > [22mPage Structure and Content[2m > [22mrenders privacy policy page with correct structure[32m 112[2mms[22m[39m
 [32mÔ£ô[39m src/pages/legal/PrivacyPage.test.tsx[2m > [22mPrivacyPage[2m > [22mPage Structure and Content[2m > [22mrenders all privacy policy sections[33m 397[2mms[22m[39m
 [32mÔ£ô[39m src/pages/legal/PrivacyPage.test.tsx[2m > [22mPrivacyPage[2m > [22mPage Structure and Content[2m > [22mrenders all list items correctly[33m 392[2mms[22m[39m
 [32mÔ£ô[39m src/pages/legal/PrivacyPage.test.tsx[2m > [22mPrivacyPage[2m > [22mContact Information[2m > [22mdisplays complete contact information[32m 130[2mms[22m[39m
 [32mÔ£ô[39m src/pages/legal/PrivacyPage.test.tsx[2m > [22mPrivacyPage[2m > [22mNavigation Links[2m > [22mrenders navigation links in footer[32m 107[2mms[22m[39m
 [32mÔ£ô[39m src/pages/legal/PrivacyPage.test.tsx[2m > [22mPrivacyPage[2m > [22mFooter[2m > [22mrenders footer with copyright information[32m 79[2mms[22m[39m
 [32mÔ£ô[39m src/pages/legal/PrivacyPage.test.tsx[2m > [22mPrivacyPage[2m > [22mAccessibility Features[2m > [22mincludes accessibility attributes[32m 79[2mms[22m[39m
 [32mÔ£ô[39m src/pages/legal/PrivacyPage.test.tsx[2m > [22mPrivacyPage[2m > [22mAccessibility Features[2m > [22mrenders semantic HTML structure[33m 1256[2mms[22m[39m
 [32mÔ£ô[39m src/pages/legal/PrivacyPage.test.tsx[2m > [22mPrivacyPage[2m > [22mContent Formatting[2m > [22mrenders content with proper formatting[33m 2962[2mms[22m[39m
 [32mÔ£ô[39m src/pages/legal/PrivacyPage.test.tsx[2m > [22mPrivacyPage[2m > [22mWCAG Compliance[2m > [22mmeets basic WCAG requirements[33m 924[2mms[22m[39m
 [32mÔ£ô[39m src/pages/legal/PrivacyPage.test.tsx[2m > [22mPrivacyPage[2m > [22mInternationalization[2m > [22muses current year in copyright[32m 74[2mms[22m[39m
 [32mÔ£ô[39m src/test/a11y/QuestionRenderer.a11y.test.tsx[2m > [22mQuestionRenderer Accessibility[2m > [22mText question type[2m > [22mshould have no accessibility violations[33m 604[2mms[22m[39m
 [32mÔ£ô[39m src/test/a11y/QuestionRenderer.a11y.test.tsx[2m > [22mQuestionRenderer Accessibility[2m > [22mText question type[2m > [22mshould have properly labeled input[32m 117[2mms[22m[39m
 [32mÔ£ô[39m src/test/a11y/QuestionRenderer.a11y.test.tsx[2m > [22mQuestionRenderer Accessibility[2m > [22mText question type[2m > [22mshould indicate required field[32m 141[2mms[22m[39m
 [32mÔ£ô[39m src/test/a11y/QuestionRenderer.a11y.test.tsx[2m > [22mQuestionRenderer Accessibility[2m > [22mText question type[2m > [22mshould have help text linked via aria-describedby[32m 90[2mms[22m[39m
 [32mÔ£ô[39m src/test/a11y/QuestionRenderer.a11y.test.tsx[2m > [22mQuestionRenderer Accessibility[2m > [22mSingle choice question type[2m > [22mshould have no accessibility violations[33m 502[2mms[22m[39m
 [32mÔ£ô[39m src/test/a11y/QuestionRenderer.a11y.test.tsx[2m > [22mQuestionRenderer Accessibility[2m > [22mSingle choice question type[2m > [22mshould have a radiogroup with proper labeling[32m 245[2mms[22m[39m
 [32mÔ£ô[39m src/test/a11y/QuestionRenderer.a11y.test.tsx[2m > [22mQuestionRenderer Accessibility[2m > [22mSingle choice question type[2m > [22mshould have all options as radio buttons with labels[33m 420[2mms[22m[39m
 [32mÔ£ô[39m src/test/a11y/QuestionRenderer.a11y.test.tsx[2m > [22mQuestionRenderer Accessibility[2m > [22mMultiple choice question type[2m > [22mshould have no accessibility violations[33m 718[2mms[22m[39m
 [32mÔ£ô[39m src/test/a11y/QuestionRenderer.a11y.test.tsx[2m > [22mQuestionRenderer Accessibility[2m > [22mMultiple choice question type[2m > [22mshould have all options as checkboxes with labels[32m 290[2mms[22m[39m
 [32mÔ£ô[39m src/test/a11y/QuestionRenderer.a11y.test.tsx[2m > [22mQuestionRenderer Accessibility[2m > [22mScale question type[2m > [22mshould have no accessibility violations[32m 274[2mms[22m[39m
 [32mÔ£ô[39m src/test/a11y/QuestionRenderer.a11y.test.tsx[2m > [22mQuestionRenderer Accessibility[2m > [22mScale question type[2m > [22mshould have a slider with proper ARIA attributes[32m 120[2mms[22m[39m
 [32mÔ£ô[39m src/test/a11y/QuestionRenderer.a11y.test.tsx[2m > [22mQuestionRenderer Accessibility[2m > [22mBest practice and explainer panels[2m > [22mshould have accessible best practice panel[32m 106[2mms[22m[39m
 [32mÔ£ô[39m src/test/a11y/QuestionRenderer.a11y.test.tsx[2m > [22mQuestionRenderer Accessibility[2m > [22mBest practice and explainer panels[2m > [22mshould have accessible explainer panel[32m 91[2mms[22m[39m
 [32mÔ£ô[39m src/test/a11y/QuestionRenderer.a11y.test.tsx[2m > [22mQuestionRenderer Accessibility[2m > [22mBest practice and explainer panels[2m > [22mshould hide decorative icons from assistive technology[32m 10[2mms[22m[39m
 [32mÔ£ô[39m src/test/a11y/QuestionRenderer.a11y.test.tsx[2m > [22mQuestionRenderer Accessibility[2m > [22mStandard references[2m > [22mshould have accessible standard references list[32m 106[2mms[22m[39m
 [32mÔ£ô[39m src/test/a11y/QuestionRenderer.a11y.test.tsx[2m > [22mQuestionRenderer Accessibility[2m > [22mQuestion container[2m > [22mshould have proper container with question label[32m 10[2mms[22m[39m
 [32mÔ£ô[39m src/pages/policy-pack/PolicyPackPage.test.tsx[2m > [22mPolicyPackPage[2m > [22mInitial State[2m > [22mrenders initial page with generate button[32m 41[2mms[22m[39m
 [32mÔ£ô[39m src/pages/policy-pack/PolicyPackPage.test.tsx[2m > [22mPolicyPackPage[2m > [22mInitial State[2m > [22mnavigates back to dashboard when back link is clicked[32m 24[2mms[22m[39m
 [32mÔ£ô[39m src/pages/policy-pack/PolicyPackPage.test.tsx[2m > [22mPolicyPackPage[2m > [22mPolicy Generation[2m > [22mcalls API when generate button is clicked[32m 98[2mms[22m[39m
 [32mÔ£ô[39m src/pages/policy-pack/PolicyPackPage.test.tsx[2m > [22mPolicyPackPage[2m > [22mPolicy Generation[2m > [22mshows loading state during generation[32m 147[2mms[22m[39m
 [32mÔ£ô[39m src/pages/policy-pack/PolicyPackPage.test.tsx[2m > [22mPolicyPackPage[2m > [22mPolicy Generation[2m > [22mdisplays error when generation fails[32m 256[2mms[22m[39m
 [32mÔ£ô[39m src/pages/policy-pack/PolicyPackPage.test.tsx[2m > [22mPolicyPackPage[2m > [22mPolicy Generation[2m > [22mdisplays error with API message[32m 49[2mms[22m[39m
 [32mÔ£ô[39m src/pages/policy-pack/PolicyPackPage.test.tsx[2m > [22mPolicyPackPage[2m > [22mGenerated Policy Pack Display[2m > [22mdisplays summary cards after successful generation[32m 74[2mms[22m[39m
 [32mÔ£ô[39m src/pages/policy-pack/PolicyPackPage.test.tsx[2m > [22mPolicyPackPage[2m > [22mGenerated Policy Pack Display[2m > [22mdisplays individual policies with titles and descriptions[33m 448[2mms[22m[39m
 [32mÔ£ô[39m src/pages/policy-pack/PolicyPackPage.test.tsx[2m > [22mPolicyPackPage[2m > [22mGenerated Policy Pack Display[2m > [22mdisplays Terraform rules when available[32m 230[2mms[22m[39m
 [32mÔ£ô[39m src/pages/policy-pack/PolicyPackPage.test.tsx[2m > [22mPolicyPackPage[2m > [22mGenerated Policy Pack Display[2m > [22mhandles empty policy pack gracefully[32m 207[2mms[22m[39m
 [32mÔ£ô[39m src/pages/policy-pack/PolicyPackPage.test.tsx[2m > [22mPolicyPackPage[2m > [22mGenerated Policy Pack Display[2m > [22mhandles missing session ID gracefully[32m 66[2mms[22m[39m
 [32mÔ£ô[39m src/pages/policy-pack/PolicyPackPage.test.tsx[2m > [22mPolicyPackPage[2m > [22mUI Behavior[2m > [22mmaintains button disabled state during API call[32m 277[2mms[22m[39m
 [32mÔ£ô[39m src/pages/policy-pack/PolicyPackPage.test.tsx[2m > [22mPolicyPackPage[2m > [22mUI Behavior[2m > [22mshows proper cursor states[33m 376[2mms[22m[39m
 [32mÔ£ô[39m src/pages/idea-capture/IdeaCapturePage.test.tsx[2m > [22mIdeaCapturePage[2m > [22mInitial Input State[2m > [22mrenders initial input form[32m 43[2mms[22m[39m
 [32mÔ£ô[39m src/pages/idea-capture/IdeaCapturePage.test.tsx[2m > [22mIdeaCapturePage[2m > [22mInitial Input State[2m > [22mupdates character count as user types[32m 53[2mms[22m[39m
 [32mÔ£ô[39m src/pages/idea-capture/IdeaCapturePage.test.tsx[2m > [22mIdeaCapturePage[2m > [22mInitial Input State[2m > [22mallows optional title input[32m 35[2mms[22m[39m
 [32mÔ£ô[39m src/pages/idea-capture/IdeaCapturePage.test.tsx[2m > [22mIdeaCapturePage[2m > [22mIdea Submission and Analysis[2m > [22msubmits idea when button is clicked[32m 50[2mms[22m[39m
 [32mÔ£ô[39m src/pages/idea-capture/IdeaCapturePage.test.tsx[2m > [22mIdeaCapturePage[2m > [22mIdea Submission and Analysis[2m > [22msubmits idea with title when provided[32m 181[2mms[22m[39m
 [32mÔ£ô[39m src/pages/idea-capture/IdeaCapturePage.test.tsx[2m > [22mIdeaCapturePage[2m > [22mIdea Submission and Analysis[2m > [22mshows error for insufficient input length[32m 59[2mms[22m[39m
 [32mÔ£ô[39m src/pages/idea-capture/IdeaCapturePage.test.tsx[2m > [22mIdeaCapturePage[2m > [22mIdea Submission and Analysis[2m > [22mshows error when submission fails[32m 108[2mms[22m[39m
 [32mÔ£ô[39m src/pages/idea-capture/IdeaCapturePage.test.tsx[2m > [22mIdeaCapturePage[2m > [22mIdea Submission and Analysis[2m > [22mshows timeout error[32m 76[2mms[22m[39m
 [32mÔ£ô[39m src/pages/idea-capture/IdeaCapturePage.test.tsx[2m > [22mIdeaCapturePage[2m > [22mIdea Submission and Analysis[2m > [22mshows network error[32m 168[2mms[22m[39m
 [32mÔ£ô[39m src/pages/idea-capture/IdeaCapturePage.test.tsx[2m > [22mIdeaCapturePage[2m > [22mAnalysis Results Display[2m > [22mdisplays analysis results after successful submission[33m 384[2mms[22m[39m
 [32mÔ£ô[39m src/pages/idea-capture/IdeaCapturePage.test.tsx[2m > [22mIdeaCapturePage[2m > [22mAnalysis Results Display[2m > [22mallows project type selection[32m 156[2mms[22m[39m
 [32mÔ£ô[39m src/pages/idea-capture/IdeaCapturePage.test.tsx[2m > [22mIdeaCapturePage[2m > [22mSession Creation[2m > [22mcreates session with recommended project type[32m 196[2mms[22m[39m
 [32mÔ£ô[39m src/pages/idea-capture/IdeaCapturePage.test.tsx[2m > [22mIdeaCapturePage[2m > [22mSession Creation[2m > [22mconfirms project type when different from recommendation[32m 199[2mms[22m[39m
 [32mÔ£ô[39m src/pages/idea-capture/IdeaCapturePage.test.tsx[2m > [22mIdeaCapturePage[2m > [22mSession Creation[2m > [22mshows error when session creation fails[32m 256[2mms[22m[39m
 [32mÔ£ô[39m src/pages/idea-capture/IdeaCapturePage.test.tsx[2m > [22mIdeaCapturePage[2m > [22mSession Creation[2m > [22mshows loading state during session creation[32m 143[2mms[22m[39m
 [32mÔ£ô[39m src/pages/idea-capture/IdeaCapturePage.test.tsx[2m > [22mIdeaCapturePage[2m > [22mError Handling and Dismissal[2m > [22mallows dismissing error messages[32m 91[2mms[22m[39m
 [32mÔ£ô[39m src/pages/idea-capture/IdeaCapturePage.test.tsx[2m > [22mIdeaCapturePage[2m > [22mUI State Transitions[2m > [22mshows correct step indicators throughout flow[32m 108[2mms[22m[39m
 [32mÔ£ô[39m src/test/a11y/FileUploadInput.a11y.test.tsx[2m > [22mFileUploadInput Accessibility[2m > [22mEmpty state[2m > [22mshould have no accessibility violations[32m 289[2mms[22m[39m
 [32mÔ£ô[39m src/test/a11y/FileUploadInput.a11y.test.tsx[2m > [22mFileUploadInput Accessibility[2m > [22mEmpty state[2m > [22mshould have accessible region with label[32m 94[2mms[22m[39m
 [32mÔ£ô[39m src/test/a11y/FileUploadInput.a11y.test.tsx[2m > [22mFileUploadInput Accessibility[2m > [22mEmpty state[2m > [22mshould have keyboard-accessible drop zone[32m 95[2mms[22m[39m
 [32mÔ£ô[39m src/test/a11y/FileUploadInput.a11y.test.tsx[2m > [22mFileUploadInput Accessibility[2m > [22mEmpty state[2m > [22mshould have accessible file input[32m 17[2mms[22m[39m
 [32mÔ£ô[39m src/test/a11y/FileUploadInput.a11y.test.tsx[2m > [22mFileUploadInput Accessibility[2m > [22mEmpty state[2m > [22mshould have instructions accessible to screen readers[32m 18[2mms[22m[39m
 [32mÔ£ô[39m src/test/a11y/FileUploadInput.a11y.test.tsx[2m > [22mFileUploadInput Accessibility[2m > [22mEmpty state[2m > [22mshould have decorative icons hidden from assistive technology[32m 8[2mms[22m[39m
 [32mÔ£ô[39m src/test/a11y/FileUploadInput.a11y.test.tsx[2m > [22mFileUploadInput Accessibility[2m > [22mWith files[2m > [22mshould have no accessibility violations with files[33m 1376[2mms[22m[39m
 [32mÔ£ô[39m src/test/a11y/FileUploadInput.a11y.test.tsx[2m > [22mFileUploadInput Accessibility[2m > [22mWith files[2m > [22mshould have accessible file list[32m 111[2mms[22m[39m
 [32mÔ£ô[39m src/test/a11y/FileUploadInput.a11y.test.tsx[2m > [22mFileUploadInput Accessibility[2m > [22mWith files[2m > [22mshould have accessible list items for each file[32m 98[2mms[22m[39m
 [32mÔ£ô[39m src/test/a11y/FileUploadInput.a11y.test.tsx[2m > [22mFileUploadInput Accessibility[2m > [22mWith files[2m > [22mshould have accessible image previews with alt text[32m 20[2mms[22m[39m
 [32mÔ£ô[39m src/test/a11y/FileUploadInput.a11y.test.tsx[2m > [22mFileUploadInput Accessibility[2m > [22mWith files[2m > [22mshould have accessible document icons with aria-label[32m 159[2mms[22m[39m
 [32mÔ£ô[39m src/test/a11y/FileUploadInput.a11y.test.tsx[2m > [22mFileUploadInput Accessibility[2m > [22mWith files[2m > [22mshould have accessible remove buttons with file names[33m 390[2mms[22m[39m
 [32mÔ£ô[39m src/test/a11y/FileUploadInput.a11y.test.tsx[2m > [22mFileUploadInput Accessibility[2m > [22mDisabled state[2m > [22mshould have no accessibility violations when disabled[33m 352[2mms[22m[39m
 [32mÔ£ô[39m src/test/a11y/FileUploadInput.a11y.test.tsx[2m > [22mFileUploadInput Accessibility[2m > [22mDisabled state[2m > [22mshould indicate disabled state via aria-disabled[32m 203[2mms[22m[39m
 [32mÔ£ô[39m src/test/a11y/FileUploadInput.a11y.test.tsx[2m > [22mFileUploadInput Accessibility[2m > [22mDisabled state[2m > [22mshould remove from tab order when disabled[32m 115[2mms[22m[39m
 [32mÔ£ô[39m src/test/a11y/FileUploadInput.a11y.test.tsx[2m > [22mFileUploadInput Accessibility[2m > [22mError state[2m > [22mshould have no accessibility violations with error[33m 338[2mms[22m[39m
 [32mÔ£ô[39m src/test/a11y/FileUploadInput.a11y.test.tsx[2m > [22mFileUploadInput Accessibility[2m > [22mError state[2m > [22mshould display error message with alert role[32m 197[2mms[22m[39m
 [32mÔ£ô[39m src/test/a11y/FileUploadInput.a11y.test.tsx[2m > [22mFileUploadInput Accessibility[2m > [22mError state[2m > [22mshould link error message via aria-describedby[32m 125[2mms[22m[39m
 [32mÔ£ô[39m src/test/a11y/FileUploadInput.a11y.test.tsx[2m > [22mFileUploadInput Accessibility[2m > [22mKeyboard interaction[2m > [22mshould support Enter key to trigger file selection[32m 150[2mms[22m[39m
 [32mÔ£ô[39m src/test/a11y/FileUploadInput.a11y.test.tsx[2m > [22mFileUploadInput Accessibility[2m > [22mKeyboard interaction[2m > [22mshould support Space key to trigger file selection[32m 116[2mms[22m[39m
 [32mÔ£ô[39m src/test/a11y/FileUploadInput.a11y.test.tsx[2m > [22mFileUploadInput Accessibility[2m > [22mFile size display[2m > [22mshould display file sizes in accessible format[32m 37[2mms[22m[39m
 [32mÔ£ô[39m src/pages/questionnaire/QuestionnairePage.test.tsx[2m > [22mQuestionnairePage[2m > [22mNew Session View[2m > [22mrenders persona selection and questionnaire list[32m 124[2mms[22m[39m
 [32mÔ£ô[39m src/pages/questionnaire/QuestionnairePage.test.tsx[2m > [22mQuestionnairePage[2m > [22mNew Session View[2m > [22mallows persona selection[32m 47[2mms[22m[39m
 [32mÔ£ô[39m src/pages/questionnaire/QuestionnairePage.test.tsx[2m > [22mQuestionnairePage[2m > [22mNew Session View[2m > [22mstarts session when questionnaire is selected[32m 56[2mms[22m[39m
 [32mÔ£ô[39m src/pages/questionnaire/QuestionnairePage.test.tsx[2m > [22mQuestionnairePage[2m > [22mNew Session View[2m > [22mshows loading state during questionnaire load[32m 27[2mms[22m[39m
 [32mÔ£ô[39m src/pages/questionnaire/QuestionnairePage.test.tsx[2m > [22mQuestionnairePage[2m > [22mNew Session View[2m > [22mshows error state when questionnaire load fails[32m 57[2mms[22m[39m
 [32mÔ£ô[39m src/pages/questionnaire/QuestionnairePage.test.tsx[2m > [22mQuestionnairePage[2m > [22mNew Session View[2m > [22mshows error message from store[32m 40[2mms[22m[39m
 [32mÔ£ô[39m src/pages/questionnaire/QuestionnairePage.test.tsx[2m > [22mQuestionnairePage[2m > [22mLoading Session State[2m > [22mshows loading spinner when loading session[32m 14[2mms[22m[39m
 [32mÔ£ô[39m src/pages/questionnaire/QuestionnairePage.test.tsx[2m > [22mQuestionnairePage[2m > [22mCompleted Session State[2m > [22mshows completion screen with score[32m 26[2mms[22m[39m
 [32mÔ£ô[39m src/pages/questionnaire/QuestionnairePage.test.tsx[2m > [22mQuestionnairePage[2m > [22mActive Session State[2m > [22mshows active session with question flow[32m 44[2mms[22m[39m
 [32mÔ£ô[39m src/pages/questionnaire/QuestionnairePage.test.tsx[2m > [22mQuestionnairePage[2m > [22mActive Session State[2m > [22msubmits text answer[32m 40[2mms[22m[39m
 [32mÔ£ô[39m src/pages/questionnaire/QuestionnairePage.test.tsx[2m > [22mQuestionnairePage[2m > [22mActive Session State[2m > [22mshows NQS hint when available[32m 29[2mms[22m[39m
 [32mÔ£ô[39m src/pages/questionnaire/QuestionnairePage.test.tsx[2m > [22mQuestionnairePage[2m > [22mActive Session State[2m > [22mhandles single choice question type[32m 48[2mms[22m[39m
 [32mÔ£ô[39m src/pages/questionnaire/QuestionnairePage.test.tsx[2m > [22mQuestionnairePage[2m > [22mActive Session State[2m > [22mhandles scale question type[32m 25[2mms[22m[39m
 [32mÔ£ô[39m src/pages/questionnaire/QuestionnairePage.test.tsx[2m > [22mQuestionnairePage[2m > [22mActive Session State[2m > [22mhandles multiple choice question type[32m 28[2mms[22m[39m
 [32mÔ£ô[39m src/pages/questionnaire/QuestionnairePage.test.tsx[2m > [22mQuestionnairePage[2m > [22mAI Follow-up Functionality[2m > [22mshows AI follow-up when triggered[32m 61[2mms[22m[39m
 [32mÔ£ô[39m src/pages/questionnaire/QuestionnairePage.test.tsx[2m > [22mQuestionnairePage[2m > [22mAI Follow-up Functionality[2m > [22mhandles follow-up submission[32m 95[2mms[22m[39m
 [32mÔ£ô[39m src/pages/questionnaire/QuestionnairePage.test.tsx[2m > [22mQuestionnairePage[2m > [22mAI Follow-up Functionality[2m > [22mallows skipping follow-up[32m 107[2mms[22m[39m
 [32mÔ£ô[39m src/pages/questionnaire/QuestionnairePage.test.tsx[2m > [22mQuestionnairePage[2m > [22mCompletion Threshold States[2m > [22mshows ready to complete screen when threshold is met[32m 51[2mms[22m[39m
 [32mÔ£ô[39m src/pages/questionnaire/QuestionnairePage.test.tsx[2m > [22mQuestionnairePage[2m > [22mCompletion Threshold States[2m > [22mshows below threshold warning[32m 22[2mms[22m[39m
 [32mÔ£ô[39m src/pages/questionnaire/QuestionnairePage.test.tsx[2m > [22mQuestionnairePage[2m > [22mSession Resumption[2m > [22mresumes session when sessionId parameter is present[32m 14[2mms[22m[39m
 [32mÔ£ô[39m src/pages/questionnaire/QuestionnairePage.test.tsx[2m > [22mQuestionnairePage[2m > [22mSession Resumption[2m > [22mdoes not resume when session ID matches[32m 14[2mms[22m[39m
 [32mÔ£ô[39m src/components/auth/OAuthButtons.test.tsx[2m > [22mOAuthButtons[2m > [22mrenders Google OAuth button[33m 356[2mms[22m[39m
 [32mÔ£ô[39m src/components/auth/OAuthButtons.test.tsx[2m > [22mOAuthButtons[2m > [22mrenders Microsoft OAuth button[33m 371[2mms[22m[39m
 [32mÔ£ô[39m src/components/auth/OAuthButtons.test.tsx[2m > [22mOAuthButtons[2m > [22mtriggers Google OAuth flow on click[33m 407[2mms[22m[39m
[90mstderr[2m | src/components/auth/OAuthButtons.test.tsx[2m > [22m[2mOAuthButtons[2m > [22m[2mtriggers 
Microsoft OAuth flow on click
[22m[39mNot implemented: Window's open() method

 [32mÔ£ô[39m src/components/auth/OAuthButtons.test.tsx[2m > [22mOAuthButtons[2m > [22mtriggers Microsoft OAuth flow on click[33m 402[2mms[22m[39m
 [32mÔ£ô[39m src/components/auth/OAuthButtons.test.tsx[2m > [22mOAuthButtons[2m > [22mshows Google logo icon[33m 952[2mms[22m[39m
 [32mÔ£ô[39m src/components/auth/OAuthButtons.test.tsx[2m > [22mOAuthButtons[2m > [22mshows Microsoft logo icon[32m 285[2mms[22m[39m
 [32mÔ£ô[39m src/components/auth/OAuthButtons.test.tsx[2m > [22mOAuthButtons[2m > [22mbuttons are enabled by default[33m 318[2mms[22m[39m
 [32mÔ£ô[39m src/test/a11y/RegisterPage.a11y.test.tsx[2m > [22mRegisterPage Accessibility[2m > [22mshould have no accessibility violations[33m 689[2mms[22m[39m
 [32mÔ£ô[39m src/test/a11y/RegisterPage.a11y.test.tsx[2m > [22mRegisterPage Accessibility[2m > [22mshould have a proper heading structure[32m 119[2mms[22m[39m
 [32mÔ£ô[39m src/test/a11y/RegisterPage.a11y.test.tsx[2m > [22mRegisterPage Accessibility[2m > [22mshould have properly labeled form inputs[32m 36[2mms[22m[39m
 [32mÔ£ô[39m src/test/a11y/RegisterPage.a11y.test.tsx[2m > [22mRegisterPage Accessibility[2m > [22mshould have accessible form with proper ARIA attributes[32m 165[2mms[22m[39m
 [32mÔ£ô[39m src/test/a11y/RegisterPage.a11y.test.tsx[2m > [22mRegisterPage Accessibility[2m > [22mshould have password requirements announced via aria-describedby[32m 23[2mms[22m[39m
 [32mÔ£ô[39m src/test/a11y/RegisterPage.a11y.test.tsx[2m > [22mRegisterPage Accessibility[2m > [22mshould have accessible toggle password visibility button[32m 162[2mms[22m[39m
 [32mÔ£ô[39m src/test/a11y/RegisterPage.a11y.test.tsx[2m > [22mRegisterPage Accessibility[2m > [22mshould indicate required fields with aria-required[33m 466[2mms[22m[39m
 [32mÔ£ô[39m src/test/a11y/RegisterPage.a11y.test.tsx[2m > [22mRegisterPage Accessibility[2m > [22mshould have proper autocomplete attributes for inputs[32m 45[2mms[22m[39m
 [32mÔ£ô[39m src/test/a11y/RegisterPage.a11y.test.tsx[2m > [22mRegisterPage Accessibility[2m > [22mshould have main landmark role[32m 110[2mms[22m[39m
 [32mÔ£ô[39m src/test/a11y/RegisterPage.a11y.test.tsx[2m > [22mRegisterPage Accessibility[2m > [22mshould have accessible navigation link to login[33m 317[2mms[22m[39m
 [32mÔ£ô[39m src/test/a11y/RegisterPage.a11y.test.tsx[2m > [22mRegisterPage Accessibility[2m > [22mshould have accessible submit button[32m 300[2mms[22m[39m
 [32mÔ£ô[39m src/test/a11y/RegisterPage.a11y.test.tsx[2m > [22mRegisterPage Accessibility[2m > [22mshould have password strength indicators with aria-live[32m 26[2mms[22m[39m
 [32mÔ£ô[39m src/pages/dashboard/DashboardPage.test.tsx[2m > [22mDashboardPage[2m > [22mrenders dashboard with greeting[32m 168[2mms[22m[39m
 [32mÔ£ô[39m src/pages/dashboard/DashboardPage.test.tsx[2m > [22mDashboardPage[2m > [22mloads sessions on mount[32m 79[2mms[22m[39m
 [32mÔ£ô[39m src/pages/dashboard/DashboardPage.test.tsx[2m > [22mDashboardPage[2m > [22mdisplays active sessions count[32m 138[2mms[22m[39m
 [32mÔ£ô[39m src/pages/dashboard/DashboardPage.test.tsx[2m > [22mDashboardPage[2m > [22mdisplays completed sessions count[32m 86[2mms[22m[39m
 [32mÔ£ô[39m src/pages/dashboard/DashboardPage.test.tsx[2m > [22mDashboardPage[2m > [22mdisplays highest score[32m 99[2mms[22m[39m
 [32mÔ£ô[39m src/pages/dashboard/DashboardPage.test.tsx[2m > [22mDashboardPage[2m > [22mnavigates to idea capture on New Project click[33m 314[2mms[22m[39m
 [32mÔ£ô[39m src/pages/dashboard/DashboardPage.test.tsx[2m > [22mDashboardPage[2m > [22mdisplays active project cards[32m 114[2mms[22m[39m
 [32mÔ£ô[39m src/pages/dashboard/DashboardPage.test.tsx[2m > [22mDashboardPage[2m > [22mdisplays completed project cards[32m 89[2mms[22m[39m
 [32mÔ£ô[39m src/pages/dashboard/DashboardPage.test.tsx[2m > [22mDashboardPage[2m > [22mnavigates to questionnaire on session click[33m 332[2mms[22m[39m
 [32mÔ£ô[39m src/pages/dashboard/DashboardPage.test.tsx[2m > [22mDashboardPage[2m > [22mrenders quick actions section[33m 317[2mms[22m[39m
 [32mÔ£ô[39m src/pages/dashboard/DashboardPage.test.tsx[2m > [22mDashboardPage[2m > [22mdisplays progress ring with average score[32m 193[2mms[22m[39m
 [32mÔ£ô[39m src/pages/dashboard/DashboardPage.test.tsx[2m > [22mDashboardPage - Loading State[2m > [22mshows skeleton loaders when loading[32m 1[2mms[22m[39m
 [32mÔ£ô[39m src/pages/dashboard/DashboardPage.test.tsx[2m > [22mDashboardPage - Error State[2m > [22mdisplays error message when error exists[32m 1[2mms[22m[39m
 [32mÔ£ô[39m src/pages/dashboard/DashboardPage.test.tsx[2m > [22mDashboardPage - Empty State[2m > [22mdisplays empty state when no sessions[32m 0[2mms[22m[39m
 [32mÔ£ô[39m src/pages/auth/LoginPage.test.tsx[2m > [22mLoginPage[2m > [22mrenders login form[33m 666[2mms[22m[39m
 [32mÔ£ô[39m src/pages/auth/LoginPage.test.tsx[2m > [22mLoginPage[2m > [22mhas link to register page[32m 221[2mms[22m[39m
 [32mÔ£ô[39m src/pages/auth/LoginPage.test.tsx[2m > [22mLoginPage[2m > [22mhas link to forgot password[32m 250[2mms[22m[39m
 [32mÔ£ô[39m src/pages/auth/LoginPage.test.tsx[2m > [22mLoginPage[2m > [22mshows password visibility toggle[33m 607[2mms[22m[39m
 [32mÔ£ô[39m src/pages/auth/LoginPage.test.tsx[2m > [22mLoginPage[2m > [22mshows OAuth buttons[32m 55[2mms[22m[39m
 [32mÔ£ô[39m src/pages/documents/DocumentsPage.test.tsx[2m > [22mDocumentsPage[2m > [22mrenders documents page heading[32m 56[2mms[22m[39m
 [32mÔ£ô[39m src/pages/documents/DocumentsPage.test.tsx[2m > [22mDocumentsPage[2m > [22mloads sessions on mount[32m 39[2mms[22m[39m
 [32mÔ£ô[39m src/pages/documents/DocumentsPage.test.tsx[2m > [22mDocumentsPage[2m > [22mdisplays completed sessions for selection[32m 135[2mms[22m[39m
 [32mÔ£ô[39m src/pages/documents/DocumentsPage.test.tsx[2m > [22mDocumentsPage[2m > [22mrenders back to dashboard button[32m 136[2mms[22m[39m
 [32mÔ£ô[39m src/pages/documents/DocumentsPage.test.tsx[2m > [22mDocumentsPage[2m > [22mnavigates to dashboard on back click[33m 347[2mms[22m[39m
 [32mÔ£ô[39m src/pages/documents/DocumentsPage.test.tsx[2m > [22mDocumentsPage[2m > [22mdisplays document types after loading[32m 272[2mms[22m[39m
 [32mÔ£ô[39m src/pages/documents/DocumentsPage.test.tsx[2m > [22mDocumentsPage[2m > [22mshows generate button for each document type[33m 987[2mms[22m[39m
 [32mÔ£ô[39m src/pages/documents/DocumentsPage.test.tsx[2m > [22mDocumentsPage - Empty State[2m > [22mshows warning when no completed sessions[32m 5[2mms[22m[39m
 [32mÔ£ô[39m src/pages/documents/DocumentsPage.test.tsx[2m > [22mDocumentsPage - Loading State[2m > [22mshows loading indicator while fetching document types[32m 78[2mms[22m[39m
 [32mÔ£ô[39m src/test/a11y/LoginPage.a11y.test.tsx[2m > [22mLoginPage Accessibility[2m > [22mshould have no accessibility violations[33m 563[2mms[22m[39m
 [32mÔ£ô[39m src/test/a11y/LoginPage.a11y.test.tsx[2m > [22mLoginPage Accessibility[2m > [22mshould have proper heading hierarchy[32m 92[2mms[22m[39m
 [32mÔ£ô[39m src/test/a11y/LoginPage.a11y.test.tsx[2m > [22mLoginPage Accessibility[2m > [22mshould have labeled form inputs[32m 17[2mms[22m[39m
 [32mÔ£ô[39m src/test/a11y/LoginPage.a11y.test.tsx[2m > [22mLoginPage Accessibility[2m > [22mshould have accessible form labels[32m 15[2mms[22m[39m
 [32mÔ£ô[39m src/test/a11y/LoginPage.a11y.test.tsx[2m > [22mLoginPage Accessibility[2m > [22mshould have accessible OAuth buttons[32m 191[2mms[22m[39m
 [32mÔ£ô[39m src/test/a11y/LoginPage.a11y.test.tsx[2m > [22mLoginPage Accessibility[2m > [22mshould have proper landmark roles[32m 57[2mms[22m[39m
 [32mÔ£ô[39m src/test/a11y/LoginPage.a11y.test.tsx[2m > [22mLoginPage Accessibility[2m > [22mshould have accessible links[32m 131[2mms[22m[39m
 [32mÔ£ô[39m src/test/a11y/LoginPage.a11y.test.tsx[2m > [22mLoginPage Accessibility[2m > [22mshould indicate required fields[32m 17[2mms[22m[39m
 [32mÔ£ô[39m src/hooks/useDraftAutosave.test.ts[2m > [22museDraftAutosave[2m > [22minitializes with correct default status[32m 8[2mms[22m[39m
 [32mÔ£ô[39m src/hooks/useDraftAutosave.test.ts[2m > [22museDraftAutosave[2m > [22msets hasDraft to true when draft exists in storage[32m 116[2mms[22m[39m
 [32mÔ£ô[39m src/hooks/useDraftAutosave.test.ts[2m > [22museDraftAutosave[2m > [22msaves draft successfully[32m 38[2mms[22m[39m
 [32mÔ£ô[39m src/hooks/useDraftAutosave.test.ts[2m > [22museDraftAutosave[2m > [22mhandles save errors[32m 51[2mms[22m[39m
 [32mÔ£ô[39m src/hooks/useDraftAutosave.test.ts[2m > [22museDraftAutosave[2m > [22mloads draft successfully[32m 14[2mms[22m[39m
 [32mÔ£ô[39m src/hooks/useDraftAutosave.test.ts[2m > [22museDraftAutosave[2m > [22mclears draft successfully[32m 193[2mms[22m[39m
 [32mÔ£ô[39m src/hooks/useDraftAutosave.test.ts[2m > [22museDraftAutosave[2m > [22mforces save when there are pending changes[32m 24[2mms[22m[39m
 [32mÔ£ô[39m src/hooks/useDraftAutosave.test.ts[2m > [22museDraftAutosave[2m > [22mtracks unsaved changes[32m 50[2mms[22m[39m
 [32mÔ£ô[39m src/hooks/useDraftAutosave.test.ts[2m > [22museDraftAutosave[2m > [22mhandles autosave functionality[32m 32[2mms[22m[39m
 [32mÔ£ô[39m src/hooks/useDraftAutosave.test.ts[2m > [22mformatTimeSinceSave[2m > [22mreturns "Never saved" when lastSaved is null[32m 1[2mms[22m[39m
 [32mÔ£ô[39m src/hooks/useDraftAutosave.test.ts[2m > [22mformatTimeSinceSave[2m > [22mreturns "Just now" for recent saves[32m 0[2mms[22m[39m
 [32mÔ£ô[39m src/hooks/useDraftAutosave.test.ts[2m > [22mformatTimeSinceSave[2m > [22mreturns seconds for recent saves[32m 0[2mms[22m[39m
 [32mÔ£ô[39m src/hooks/useDraftAutosave.test.ts[2m > [22mformatTimeSinceSave[2m > [22mreturns minutes for older saves[32m 32[2mms[22m[39m
 [32mÔ£ô[39m src/hooks/useDraftAutosave.test.ts[2m > [22mformatTimeSinceSave[2m > [22mreturns hours for much older saves[32m 1[2mms[22m[39m
 [32mÔ£ô[39m src/hooks/useDraftAutosave.test.ts[2m > [22mformatTimeSinceSave[2m > [22mreturns days for very old saves[32m 0[2mms[22m[39m
 [32mÔ£ô[39m src/hooks/useDraftAutosave.test.ts[2m > [22misDraftRecoverable[2m > [22mreturns true for recent drafts (within 7 days)[32m 0[2mms[22m[39m
 [32mÔ£ô[39m src/hooks/useDraftAutosave.test.ts[2m > [22misDraftRecoverable[2m > [22mreturns false for old drafts (older than 7 days)[32m 0[2mms[22m[39m
 [32mÔ£ô[39m src/hooks/useDraftAutosave.test.ts[2m > [22misDraftRecoverable[2m > [22mhandles edge case exactly at 7 days[32m 0[2mms[22m[39m
 [32mÔ£ô[39m src/components/questionnaire/FileUploadInput.test.tsx[2m > [22mFileUploadInput[2m > [22mrenders drag and drop zone[32m 9[2mms[22m[39m
 [32mÔ£ô[39m src/components/questionnaire/FileUploadInput.test.tsx[2m > [22mFileUploadInput[2m > [22mshows file input element[32m 6[2mms[22m[39m
 [32mÔ£ô[39m src/components/questionnaire/FileUploadInput.test.tsx[2m > [22mFileUploadInput[2m > [22mdisplays file preview for uploaded files[32m 35[2mms[22m[39m
 [32mÔ£ô[39m src/components/questionnaire/FileUploadInput.test.tsx[2m > [22mFileUploadInput[2m > [22mdisplays generic icon for non-image files[32m 14[2mms[22m[39m
 [32mÔ£ô[39m src/components/questionnaire/FileUploadInput.test.tsx[2m > [22mFileUploadInput[2m > [22mhandles file removal[33m 417[2mms[22m[39m
 [32mÔ£ô[39m src/components/questionnaire/FileUploadInput.test.tsx[2m > [22mFileUploadInput[2m > [22mdisplays multiple files[32m 69[2mms[22m[39m
 [32mÔ£ô[39m src/components/questionnaire/FileUploadInput.test.tsx[2m > [22mFileUploadInput[2m > [22mdisables upload when disabled prop is true[32m 123[2mms[22m[39m
 [32mÔ£ô[39m src/components/questionnaire/FileUploadInput.test.tsx[2m > [22mFileUploadInput[2m > [22mshows accepted file types in help text[32m 9[2mms[22m[39m
 [32mÔ£ô[39m src/components/questionnaire/FileUploadInput.test.tsx[2m > [22mFileUploadInput[2m > [22mhas accessible label for drop zone[32m 66[2mms[22m[39m
 [32mÔ£ô[39m src/components/questionnaire/FileUploadInput.test.tsx[2m > [22mFileUploadInput[2m > [22mdisplays error message when error prop is provided[32m 9[2mms[22m[39m
 [32mÔ£ô[39m src/components/questionnaire/ScoreDashboard.test.tsx[2m > [22mScoreDashboard[2m > [22mrenders readiness score heading[32m 80[2mms[22m[39m
 [32mÔ£ô[39m src/components/questionnaire/ScoreDashboard.test.tsx[2m > [22mScoreDashboard[2m > [22mrenders overall score value[32m 69[2mms[22m[39m
 [32mÔ£ô[39m src/components/questionnaire/ScoreDashboard.test.tsx[2m > [22mScoreDashboard[2m > [22mrenders dimension names[32m 106[2mms[22m[39m
 [32mÔ£ô[39m src/components/questionnaire/ScoreDashboard.test.tsx[2m > [22mScoreDashboard[2m > [22mdisplays last updated timestamp[32m 44[2mms[22m[39m
 [32mÔ£ô[39m src/components/questionnaire/ScoreDashboard.test.tsx[2m > [22mScoreDashboard[2m > [22mdisplays loading state when no initial score[32m 5[2mms[22m[39m
 [32mÔ£ô[39m src/components/questionnaire/ScoreDashboard.test.tsx[2m > [22mScoreDashboard[2m > [22mshows refresh button when onRefresh provided[32m 46[2mms[22m[39m
 [32mÔ£ô[39m src/components/questionnaire/ScoreDashboard.test.tsx[2m > [22mScoreDashboard[2m > [22mdisplays questions answered count[32m 60[2mms[22m[39m
 [32mÔ£ô[39m src/components/questionnaire/ScoreDashboard.test.tsx[2m > [22mScoreDashboard[2m > [22mdisplays completion percentage[32m 49[2mms[22m[39m
 [32mÔ£ô[39m src/components/questionnaire/ScoreDashboard.test.tsx[2m > [22mScoreDashboard[2m > [22mdisplays no score message when initialScore is null and not loading[32m 6[2mms[22m[39m
 [32mÔ£ô[39m src/components/questionnaire/ScoreDashboard.test.tsx[2m > [22mScoreDashboard[2m > [22mdisplays dimension breakdown section[32m 53[2mms[22m[39m
 [32mÔ£ô[39m src/pages/billing/BillingPage.test.tsx[2m > [22mBillingPage[2m > [22mrenders billing page with subscription info[32m 119[2mms[22m[39m
 [32mÔ£ô[39m src/pages/billing/BillingPage.test.tsx[2m > [22mBillingPage[2m > [22mdisplays subscription tier[32m 57[2mms[22m[39m
 [32mÔ£ô[39m src/pages/billing/BillingPage.test.tsx[2m > [22mBillingPage[2m > [22mdisplays usage information[32m 48[2mms[22m[39m
 [32mÔ£ô[39m src/pages/billing/BillingPage.test.tsx[2m > [22mBillingPage[2m > [22mshows loading spinner while fetching data[32m 14[2mms[22m[39m
 [32mÔ£ô[39m src/pages/help/HelpPage.test.tsx[2m > [22mHelpPage[2m > [22mrenders help page with HelpCenter component[32m 18[2mms[22m[39m
 [32mÔ£ô[39m src/pages/help/HelpPage.test.tsx[2m > [22mHelpPage[2m > [22mrenders back to app link[32m 22[2mms[22m[39m
 [32mÔ£ô[39m src/pages/help/HelpPage.test.tsx[2m > [22mHelpPage[2m > [22mrenders contact support link[32m 19[2mms[22m[39m
 [32mÔ£ô[39m src/pages/help/HelpPage.test.tsx[2m > [22mHelpPage[2m > [22mrenders terms link[32m 25[2mms[22m[39m
 [32mÔ£ô[39m src/pages/help/HelpPage.test.tsx[2m > [22mHelpPage[2m > [22mrenders privacy link[32m 21[2mms[22m[39m
 [32mÔ£ô[39m src/pages/help/HelpPage.test.tsx[2m > [22mHelpPage[2m > [22mrenders footer with copyright[32m 20[2mms[22m[39m
 [32mÔ£ô[39m src/pages/help/HelpPage.test.tsx[2m > [22mHelpPage[2m > [22mrenders support email in footer[32m 19[2mms[22m[39m
 [32mÔ£ô[39m src/pages/help/HelpPage.test.tsx[2m > [22mHelpPage[2m > [22mhas accessible navigation[32m 163[2mms[22m[39m
 [32mÔ£ô[39m src/pages/help/HelpPage.test.tsx[2m > [22mHelpPage[2m > [22mhas accessible contentinfo footer[32m 85[2mms[22m[39m
 [32mÔ£ô[39m src/pages/evidence/EvidencePage.test.tsx[2m > [22mEvidencePage[2m > [22mrenders evidence registry heading[32m 256[2mms[22m[39m
 [32mÔ£ô[39m src/pages/evidence/EvidencePage.test.tsx[2m > [22mEvidencePage[2m > [22mloads evidence on mount[32m 121[2mms[22m[39m
 [32mÔ£ô[39m src/pages/evidence/EvidencePage.test.tsx[2m > [22mEvidencePage[2m > [22mdisplays evidence stats[32m 148[2mms[22m[39m
 [32mÔ£ô[39m src/pages/evidence/EvidencePage.test.tsx[2m > [22mEvidencePage[2m > [22mdisplays evidence items table[32m 134[2mms[22m[39m
 [32mÔ£ô[39m src/pages/evidence/EvidencePage.test.tsx[2m > [22mEvidencePage[2m > [22mdisplays artifact types[32m 112[2mms[22m[39m
 [32mÔ£ô[39m src/pages/evidence/EvidencePage.test.tsx[2m > [22mEvidencePage[2m > [22mdisplays verification status[32m 54[2mms[22m[39m
 [32mÔ£ô[39m src/pages/evidence/EvidencePage.test.tsx[2m > [22mEvidencePage[2m > [22mrenders back to dashboard link[32m 90[2mms[22m[39m
 [32mÔ£ô[39m src/pages/evidence/EvidencePage.test.tsx[2m > [22mEvidencePage - Empty State[2m > [22mdisplays empty message when no evidence[32m 1[2mms[22m[39m
 [32mÔ£ô[39m src/pages/evidence/EvidencePage.test.tsx[2m > [22mEvidencePage - Loading State[2m > [22mshows loading message when loading[32m 1[2mms[22m[39m
 [32mÔ£ô[39m src/components/ui/Badge.test.tsx[2m > [22mBadge[2m > [22mrenders children correctly[32m 7[2mms[22m[39m
 [32mÔ£ô[39m src/components/ui/Badge.test.tsx[2m > [22mBadge[2m > [22mapplies default variant styles[32m 4[2mms[22m[39m
 [32mÔ£ô[39m src/components/ui/Badge.test.tsx[2m > [22mBadge[2m > [22mapplies brand variant styles[32m 3[2mms[22m[39m
 [32mÔ£ô[39m src/components/ui/Badge.test.tsx[2m > [22mBadge[2m > [22mapplies success variant styles[32m 3[2mms[22m[39m
 [32mÔ£ô[39m src/components/ui/Badge.test.tsx[2m > [22mBadge[2m > [22mapplies warning variant styles[32m 4[2mms[22m[39m
 [32mÔ£ô[39m src/components/ui/Badge.test.tsx[2m > [22mBadge[2m > [22mapplies danger variant styles[32m 12[2mms[22m[39m
 [32mÔ£ô[39m src/components/ui/Badge.test.tsx[2m > [22mBadge[2m > [22mapplies accent variant styles[32m 6[2mms[22m[39m
 [32mÔ£ô[39m src/components/ui/Badge.test.tsx[2m > [22mBadge[2m > [22mapplies small size styles[32m 4[2mms[22m[39m
 [32mÔ£ô[39m src/components/ui/Badge.test.tsx[2m > [22mBadge[2m > [22mapplies medium size styles[32m 3[2mms[22m[39m
 [32mÔ£ô[39m src/components/ui/Badge.test.tsx[2m > [22mBadge[2m > [22mshows dot when dot prop is true[32m 14[2mms[22m[39m
 [32mÔ£ô[39m src/components/ui/Badge.test.tsx[2m > [22mBadge[2m > [22mapplies correct dot color for default variant[32m 4[2mms[22m[39m
 [32mÔ£ô[39m src/components/ui/Badge.test.tsx[2m > [22mBadge[2m > [22mapplies correct dot color for brand variant[32m 3[2mms[22m[39m
 [32mÔ£ô[39m src/components/ui/Badge.test.tsx[2m > [22mBadge[2m > [22mapplies correct dot color for success variant[32m 5[2mms[22m[39m
 [32mÔ£ô[39m src/components/ui/Badge.test.tsx[2m > [22mBadge[2m > [22mapplies correct dot color for warning variant[32m 3[2mms[22m[39m
 [32mÔ£ô[39m src/components/ui/Badge.test.tsx[2m > [22mBadge[2m > [22mapplies correct dot color for danger variant[32m 13[2mms[22m[39m
 [32mÔ£ô[39m src/components/ui/Badge.test.tsx[2m > [22mBadge[2m > [22mapplies correct dot color for accent variant[32m 4[2mms[22m[39m
 [32mÔ£ô[39m src/components/ui/Badge.test.tsx[2m > [22mBadge[2m > [22mdoes not show dot when dot prop is false[32m 3[2mms[22m[39m
 [32mÔ£ô[39m src/components/ui/Badge.test.tsx[2m > [22mBadge[2m > [22mapplies custom className[32m 4[2mms[22m[39m
 [32mÔ£ô[39m src/components/ui/Badge.test.tsx[2m > [22mBadge[2m > [22mcombines all props correctly[32m 18[2mms[22m[39m
 [32mÔ£ô[39m src/components/questionnaire/QuestionRenderer.test.tsx[2m > [22mQuestionRenderer[2m > [22mshould render question text[32m 12[2mms[22m[39m
 [32mÔ£ô[39m src/components/questionnaire/QuestionRenderer.test.tsx[2m > [22mQuestionRenderer[2m > [22mshould show required indicator[32m 11[2mms[22m[39m
 [32mÔ£ô[39m src/components/questionnaire/QuestionRenderer.test.tsx[2m > [22mQuestionRenderer[2m > [22mshould display best practice when enabled[32m 20[2mms[22m[39m
 [32mÔ£ô[39m src/components/questionnaire/QuestionRenderer.test.tsx[2m > [22mQuestionRenderer[2m > [22mshould display practical explainer when enabled[32m 17[2mms[22m[39m
 [32mÔ£ô[39m src/components/questionnaire/QuestionRenderer.test.tsx[2m > [22mQuestionRenderer[2m > [22mshould display standard references[32m 16[2mms[22m[39m
 [32mÔ£ô[39m src/components/ui/Card.test.tsx[2m > [22mCard[2m > [22mrenders children correctly[32m 8[2mms[22m[39m
 [32mÔ£ô[39m src/components/ui/Card.test.tsx[2m > [22mCard[2m > [22mapplies default padding (md)[32m 6[2mms[22m[39m
 [32mÔ£ô[39m src/components/ui/Card.test.tsx[2m > [22mCard[2m > [22mapplies small padding[32m 3[2mms[22m[39m
 [32mÔ£ô[39m src/components/ui/Card.test.tsx[2m > [22mCard[2m > [22mapplies large padding[32m 5[2mms[22m[39m
 [32mÔ£ô[39m src/components/ui/Card.test.tsx[2m > [22mCard[2m > [22mapplies no padding[32m 4[2mms[22m[39m
 [32mÔ£ô[39m src/components/ui/Card.test.tsx[2m > [22mCard[2m > [22mdoes not have hover effects by default[32m 16[2mms[22m[39m
 [32mÔ£ô[39m src/components/ui/Card.test.tsx[2m > [22mCard[2m > [22mapplies hover effects when hover prop is true[32m 5[2mms[22m[39m
 [32mÔ£ô[39m src/components/ui/Card.test.tsx[2m > [22mCard[2m > [22mapplies custom className[32m 3[2mms[22m[39m
 [32mÔ£ô[39m src/components/ui/Card.test.tsx[2m > [22mCard[2m > [22mpasses through HTML attributes[32m 7[2mms[22m[39m
 [32mÔ£ô[39m src/components/ui/Card.test.tsx[2m > [22mCard[2m > [22mcombines all props correctly[32m 21[2mms[22m[39m
 [32mÔ£ô[39m src/components/ui/Card.test.tsx[2m > [22mCardHeader[2m > [22mrenders title correctly[32m 16[2mms[22m[39m
 [32mÔ£ô[39m src/components/ui/Card.test.tsx[2m > [22mCardHeader[2m > [22mrenders subtitle when provided[32m 16[2mms[22m[39m
 [32mÔ£ô[39m src/components/ui/Card.test.tsx[2m > [22mCardHeader[2m > [22mdoes not render subtitle when not provided[32m 30[2mms[22m[39m
 [32mÔ£ô[39m src/components/ui/Card.test.tsx[2m > [22mCardHeader[2m > [22mrenders action when provided[32m 8[2mms[22m[39m
 [32mÔ£ô[39m src/components/ui/Card.test.tsx[2m > [22mCardHeader[2m > [22mdoes not render action when not provided[32m 5[2mms[22m[39m
 [32mÔ£ô[39m src/components/ui/Card.test.tsx[2m > [22mCardHeader[2m > [22mrenders icon when provided[32m 9[2mms[22m[39m
 [32mÔ£ô[39m src/components/ui/Card.test.tsx[2m > [22mCardHeader[2m > [22mdoes not render icon when not provided[32m 4[2mms[22m[39m
 [32mÔ£ô[39m src/components/ui/Card.test.tsx[2m > [22mCardHeader[2m > [22mrenders icon with correct styling[32m 10[2mms[22m[39m
 [32mÔ£ô[39m src/components/ui/Card.test.tsx[2m > [22mCardHeader[2m > [22mrenders all elements together correctly[32m 15[2mms[22m[39m

[2m Test Files [22m [1m[32m33 passed[39m[22m[90m (33)[39m
[2m      Tests [22m [1m[32m506 passed[39m[22m[90m (506)[39m
[2m   Start at [22m 01:43:37
[2m   Duration [22m 180.39s[2m (transform 10.03s, setup 7.99s, collect 13.56s, tests 141.40s, environment 12.79s, prepare 1.51s)[22m

